Component: Arm Compiler for Embedded 6.24 Tool: armlink [5f371500]

==============================================================================

Section Cross References

    startup_cw32l010.o(RESET) refers to startup_cw32l010.o(STACK) for __initial_sp
    startup_cw32l010.o(RESET) refers to startup_cw32l010.o(.text) for Reset_Handler
    startup_cw32l010.o(RESET) refers to cw32l010_systick.o(.text.SysTick_Handler) for SysTick_Handler
    startup_cw32l010.o(.text) refers to system_cw32l010.o(.text.SystemInit) for SystemInit
    startup_cw32l010.o(.text) refers to entry.o(.ARM.Collect$$$$00000000) for __main
    cw32l010_adc.o(.ARM.exidx.text.ADC_DeInit) refers to cw32l010_adc.o(.text.ADC_DeInit) for [Anonymous Symbol]
    cw32l010_adc.o(.text.ADC_Init) refers to main.o(.text.assert_failed) for assert_failed
    cw32l010_adc.o(.text.ADC_Init) refers to cw32l010_adc.o(.rodata.str1.1) for [Anonymous Symbol]
    cw32l010_adc.o(.ARM.exidx.text.ADC_Init) refers to cw32l010_adc.o(.text.ADC_Init) for [Anonymous Symbol]
    cw32l010_adc.o(.ARM.exidx.text.ADC_Enable) refers to cw32l010_adc.o(.text.ADC_Enable) for [Anonymous Symbol]
    cw32l010_adc.o(.ARM.exidx.text.ADC_Disable) refers to cw32l010_adc.o(.text.ADC_Disable) for [Anonymous Symbol]
    cw32l010_adc.o(.text.ADC_WatchdogInit) refers to main.o(.text.assert_failed) for assert_failed
    cw32l010_adc.o(.text.ADC_WatchdogInit) refers to cw32l010_adc.o(.text.ADC_Init) for ADC_Init
    cw32l010_adc.o(.text.ADC_WatchdogInit) refers to cw32l010_adc.o(.rodata.str1.1) for [Anonymous Symbol]
    cw32l010_adc.o(.ARM.exidx.text.ADC_WatchdogInit) refers to cw32l010_adc.o(.text.ADC_WatchdogInit) for [Anonymous Symbol]
    cw32l010_adc.o(.ARM.exidx.text.ADC_GetITStatusAll) refers to cw32l010_adc.o(.text.ADC_GetITStatusAll) for [Anonymous Symbol]
    cw32l010_adc.o(.text.ADC_GetITStatus) refers to main.o(.text.assert_failed) for assert_failed
    cw32l010_adc.o(.text.ADC_GetITStatus) refers to cw32l010_adc.o(.rodata.str1.1) for [Anonymous Symbol]
    cw32l010_adc.o(.ARM.exidx.text.ADC_GetITStatus) refers to cw32l010_adc.o(.text.ADC_GetITStatus) for [Anonymous Symbol]
    cw32l010_adc.o(.ARM.exidx.text.ADC_ClearITPendingAll) refers to cw32l010_adc.o(.text.ADC_ClearITPendingAll) for [Anonymous Symbol]
    cw32l010_adc.o(.text.ADC_ClearITPendingBit) refers to main.o(.text.assert_failed) for assert_failed
    cw32l010_adc.o(.text.ADC_ClearITPendingBit) refers to cw32l010_adc.o(.rodata.str1.1) for [Anonymous Symbol]
    cw32l010_adc.o(.ARM.exidx.text.ADC_ClearITPendingBit) refers to cw32l010_adc.o(.text.ADC_ClearITPendingBit) for [Anonymous Symbol]
    cw32l010_adc.o(.text.ADC_ITConfig) refers to main.o(.text.assert_failed) for assert_failed
    cw32l010_adc.o(.text.ADC_ITConfig) refers to cw32l010_adc.o(.rodata.str1.1) for [Anonymous Symbol]
    cw32l010_adc.o(.ARM.exidx.text.ADC_ITConfig) refers to cw32l010_adc.o(.text.ADC_ITConfig) for [Anonymous Symbol]
    cw32l010_adc.o(.text.ADC_SoftwareStartConvCmd) refers to main.o(.text.assert_failed) for assert_failed
    cw32l010_adc.o(.text.ADC_SoftwareStartConvCmd) refers to cw32l010_adc.o(.rodata.str1.1) for [Anonymous Symbol]
    cw32l010_adc.o(.ARM.exidx.text.ADC_SoftwareStartConvCmd) refers to cw32l010_adc.o(.text.ADC_SoftwareStartConvCmd) for [Anonymous Symbol]
    cw32l010_adc.o(.text.ADC_ExtTrigCfg) refers to main.o(.text.assert_failed) for assert_failed
    cw32l010_adc.o(.text.ADC_ExtTrigCfg) refers to cw32l010_adc.o(.rodata.str1.1) for [Anonymous Symbol]
    cw32l010_adc.o(.ARM.exidx.text.ADC_ExtTrigCfg) refers to cw32l010_adc.o(.text.ADC_ExtTrigCfg) for [Anonymous Symbol]
    cw32l010_adc.o(.text.ADC_GetConversionValue) refers to main.o(.text.assert_failed) for assert_failed
    cw32l010_adc.o(.text.ADC_GetConversionValue) refers to cw32l010_adc.o(.rodata.str1.1) for [Anonymous Symbol]
    cw32l010_adc.o(.ARM.exidx.text.ADC_GetConversionValue) refers to cw32l010_adc.o(.text.ADC_GetConversionValue) for [Anonymous Symbol]
    cw32l010_adc.o(.ARM.exidx.text.ADC_GetSqr0Result) refers to cw32l010_adc.o(.text.ADC_GetSqr0Result) for [Anonymous Symbol]
    cw32l010_adc.o(.ARM.exidx.text.ADC_GetSqr1Result) refers to cw32l010_adc.o(.text.ADC_GetSqr1Result) for [Anonymous Symbol]
    cw32l010_adc.o(.ARM.exidx.text.ADC_GetSqr2Result) refers to cw32l010_adc.o(.text.ADC_GetSqr2Result) for [Anonymous Symbol]
    cw32l010_adc.o(.ARM.exidx.text.ADC_GetSqr3Result) refers to cw32l010_adc.o(.text.ADC_GetSqr3Result) for [Anonymous Symbol]
    cw32l010_adc.o(.ARM.exidx.text.ADC_GetSqr4Result) refers to cw32l010_adc.o(.text.ADC_GetSqr4Result) for [Anonymous Symbol]
    cw32l010_adc.o(.ARM.exidx.text.ADC_GetSqr5Result) refers to cw32l010_adc.o(.text.ADC_GetSqr5Result) for [Anonymous Symbol]
    cw32l010_adc.o(.ARM.exidx.text.ADC_GetSqr6Result) refers to cw32l010_adc.o(.text.ADC_GetSqr6Result) for [Anonymous Symbol]
[...]
    Removing system_cw32l010.o(.ARM.exidx.text.SystemCoreClockUpdate), (8 bytes).
    Removing system_cw32l010.o(.ARM.exidx.text.SystemInit), (8 bytes).
    Removing system_cw32l010.o(.text.FirmwareDelay), (28 bytes).
    Removing system_cw32l010.o(.ARM.exidx.text.FirmwareDelay), (8 bytes).
    Removing interrupt.o(.text), (0 bytes).
    Removing main.o(.text), (0 bytes).
    Removing main.o(.ARM.exidx.text.main), (8 bytes).
    Removing main.o(.ARM.exidx.text.assert_failed), (8 bytes).
    Removing main.o(.ARM.use_no_argv), (4 bytes).
    Removing bsp.o(.text), (0 bytes).
    Removing bsp.o(.text.HAL_GPIO_EXTI_Callback), (96 bytes).
    Removing bsp.o(.ARM.exidx.text.HAL_GPIO_EXTI_Callback), (8 bytes).
    Removing bsp.o(.ARM.exidx.text.FUN_GPIO_Init), (8 bytes).
    Removing bsp.o(.ARM.exidx.text.FUN_GPIO_DeInit), (8 bytes).
    Removing bsp.o(.ARM.exidx.text.FUN_GPIO_Set), (8 bytes).
    Removing bsp.o(.ARM.exidx.text.FUN_GPIO_Reset), (8 bytes).
    Removing bsp.o(.ARM.exidx.text.FUN_GPIO_Toggle), (8 bytes).
    Removing bsp.o(.ARM.exidx.text.FUN_GPIO_Read), (8 bytes).
    Removing bsp.o(.ARM.exidx.text.___FUN_GPIO_CLK_ENABLE), (8 bytes).
    Removing bsp_led.o(.text), (0 bytes).
    Removing bsp_led.o(.ARM.exidx.text.led_io_init), (8 bytes).
    Removing bsp_led.o(.ARM.exidx.text.led_io_refresh), (8 bytes).
    Removing bsp_led.o(.ARM.exidx.text.led_io_on), (8 bytes).
    Removing bsp_led.o(.ARM.exidx.text.led_io_off), (8 bytes).
    Removing bsp_led.o(.ARM.exidx.text.led_io_toggle), (8 bytes).
    Removing bsp_led.o(.ARM.exidx.text.led_io_read), (8 bytes).
    Removing bsp_led.o(.ARM.exidx.text.led_1_off), (8 bytes).
    Removing bsp_led.o(.ARM.exidx.text.led_1_on), (8 bytes).
    Removing bsp_led.o(.ARM.exidx.text.led_2_off), (8 bytes).
    Removing bsp_led.o(.ARM.exidx.text.led_2_on), (8 bytes).
    Removing bsp_led.o(.ARM.exidx.text.led_3_off), (8 bytes).
    Removing bsp_led.o(.ARM.exidx.text.led_3_on), (8 bytes).
    Removing bsp_led.o(.ARM.exidx.text.led_4_off), (8 bytes).
    Removing bsp_led.o(.ARM.exidx.text.led_4_on), (8 bytes).
    Removing bsp_led.o(.ARM.exidx.text.led_usb_1_off), (8 bytes).
    Removing bsp_led.o(.ARM.exidx.text.led_usb_1_on), (8 bytes).
    Removing bsp_led.o(.ARM.exidx.text.led_usb_2_off), (8 bytes).
    Removing bsp_led.o(.ARM.exidx.text.led_usb_2_on), (8 bytes).
    Removing bsp_led.o(.ARM.exidx.text.led_usb_3_off), (8 bytes).
    Removing bsp_led.o(.ARM.exidx.text.led_usb_3_on), (8 bytes).
    Removing bsp_led.o(.ARM.exidx.text.led_usb_4_off), (8 bytes).
    Removing bsp_led.o(.ARM.exidx.text.led_usb_4_on), (8 bytes).
    Removing bsp_rcc.o(.text), (0 bytes).
    Removing bsp_rcc.o(.ARM.exidx.text.fun_init), (8 bytes).
    Removing bsp_rcc.o(.ARM.exidx.text.fun_get_core_fre), (8 bytes).
    Removing bsp_systick.o(.text), (0 bytes).
    Removing bsp_systick.o(.ARM.exidx.text.fun_init), (8 bytes).
    Removing bsp_systick.o(.ARM.exidx.text.fun_get_tick), (8 bytes).
    Removing bsp_systick.o(.ARM.exidx.text.fun_delay_us), (8 bytes).
    Removing bsp_systick.o(.ARM.exidx.text.fun_delay_ms), (8 bytes).
    Removing bsp_key.o(.text), (0 bytes).
    Removing bsp_key.o(.ARM.exidx.text.fun_init), (8 bytes).
    Removing bsp_key.o(.ARM.exidx.text.fun_read), (8 bytes).
    Removing bsp_kvm.o(.text), (0 bytes).
    Removing bsp_kvm.o(.ARM.exidx.text.fun_init), (8 bytes).
    Removing bsp_kvm.o(.ARM.exidx.text.fun_out), (8 bytes).
    Removing bsp_switch.o(.text), (0 bytes).
    Removing bsp_switch.o(.ARM.exidx.text.fun_init), (8 bytes).
    Removing bsp_switch.o(.ARM.exidx.text.fun_out), (8 bytes).
    Removing bsp_flash.o(.text), (0 bytes).
    Removing bsp_flash.o(.ARM.exidx.text.fun_init), (8 bytes).
    Removing bsp_flash.o(.ARM.exidx.text.fun_read), (8 bytes).
    Removing bsp_flash.o(.ARM.exidx.text.fun_write), (8 bytes).
    Removing bsp_flash.o(.ARM.exidx.text.sum_check_uint8_t), (8 bytes).
    Removing bsp_flash.o(.ARM.exidx.text.flash_erase_psge), (8 bytes).
    Removing bsp_flash.o(.ARM.exidx.text.flash_write_data), (8 bytes).
    Removing bsp_flash.o(.ARM.exidx.text.fun_data_dafault_set), (8 bytes).
    Removing bsp_flash.o(.ARM.exidx.text.flash_write_mark), (8 bytes).
    Removing app.o(.text), (0 bytes).
    Removing app_key.o(.text), (0 bytes).
    Removing app_key.o(.ARM.exidx.text.fun_init), (8 bytes).
    Removing app_key.o(.ARM.exidx.text.fun_loop), (8 bytes).
    Removing app_key.o(.ARM.exidx.text.fun_read), (8 bytes).
    Removing app_key.o(.rodata.fun_loop.delay_tick), (4 bytes).
    Removing app_key.o(.bss.fun_loop.last), (3 bytes).
    Removing app_led.o(.text), (0 bytes).
    Removing app_led.o(.ARM.exidx.text.fun_init), (8 bytes).
    Removing app_led.o(.ARM.exidx.text.fun_loop), (8 bytes).
    Removing app_led.o(.ARM.exidx.text.fun_read), (8 bytes).
    Removing app_led.o(.rodata.fun_loop.delay_tick), (4 bytes).
    Removing app_flash.o(.text), (0 bytes).
    Removing app_flash.o(.ARM.exidx.text.fun_init), (8 bytes).
    Removing app_flash.o(.ARM.exidx.text.fun_loop), (8 bytes).
    Removing app_flash.o(.ARM.exidx.text.fun_read), (8 bytes).
    Removing app_flash.o(.ARM.exidx.text.data_bsp_to_app), (8 bytes).
    Removing app_flash.o(.ARM.exidx.text.data_app_to_bsp), (8 bytes).
    Removing app_flash.o(.rodata.fun_loop.delay_tick), (4 bytes).
    Removing app_kvm.o(.text), (0 bytes).
    Removing app_kvm.o(.ARM.exidx.text.fun_init), (8 bytes).
    Removing app_kvm.o(.ARM.exidx.text.fun_loop), (8 bytes).
    Removing app_kvm.o(.ARM.exidx.text.fun_read), (8 bytes).
    Removing app_kvm.o(.rodata.fun_loop.delay_tick), (4 bytes).
    Removing app_switch.o(.text), (0 bytes).
    Removing app_switch.o(.ARM.exidx.text.fun_init), (8 bytes).
    Removing app_switch.o(.ARM.exidx.text.fun_loop), (8 bytes).
    Removing app_switch.o(.ARM.exidx.text.fun_read), (8 bytes).
    Removing app_switch.o(.rodata.fun_loop.delay_tick), (4 bytes).
    Removing fadd.o(.text), (178 bytes).
    Removing fmul.o(.text), (122 bytes).
    Removing fdiv.o(.text), (124 bytes).
    Removing dadd.o(.text), (356 bytes).
    Removing dmul.o(.text), (208 bytes).
    Removing fflti.o(.text), (22 bytes).
    Removing ffltui.o(.text), (14 bytes).
    Removing dflti.o(.text), (40 bytes).
    Removing ffixi.o(.text), (50 bytes).
    Removing dfixi.o(.text), (72 bytes).
    Removing f2d.o(.text), (40 bytes).
    Removing d2f.o(.text), (56 bytes).
    Removing fepilogue.o(.text), (130 bytes).
    Removing depilogue.o(.text), (190 bytes).
    Removing depilogue.o(i.__ARM_clz), (46 bytes).

958 unused section(s) (total 51572 bytes) removed from the image.

==============================================================================

Image Symbol Table

    Local Symbols

    Symbol Name                              Value     Ov Type        Size  Object(Section)

    ../clib/division.s                       0x00000000   Number         0  aeabi_sdiv.o ABSOLUTE
    ../clib/division.s                       0x00000000   Number         0  aeabi_sdiv_div0.o ABSOLUTE
    ../clib/microlib/division.c              0x00000000   Number         0  uidiv.o ABSOLUTE
    ../clib/microlib/division.c              0x00000000   Number         0  uldiv.o ABSOLUTE
    ../clib/microlib/division.c              0x00000000   Number         0  uidiv_div0.o ABSOLUTE
    ../clib/microlib/division.c              0x00000000   Number         0  idiv_div0.o ABSOLUTE
    ../clib/microlib/division.c              0x00000000   Number         0  idiv0.o ABSOLUTE
    ../clib/microlib/init/entry.s            0x00000000   Number         0  entry.o ABSOLUTE
    ../clib/microlib/init/entry.s            0x00000000   Number         0  entry2.o ABSOLUTE
    ../clib/microlib/init/entry.s            0x00000000   Number         0  entry5.o ABSOLUTE
    ../clib/microlib/init/entry.s            0x00000000   Number         0  entry7a.o ABSOLUTE
    ../clib/microlib/init/entry.s            0x00000000   Number         0  entry7b.o ABSOLUTE
    ../clib/microlib/init/entry.s            0x00000000   Number         0  entry8a.o ABSOLUTE
    ../clib/microlib/init/entry.s            0x00000000   Number         0  entry8b.o ABSOLUTE
    ../clib/microlib/init/entry.s            0x00000000   Number         0  entry9a.o ABSOLUTE
    ../clib/microlib/init/entry.s            0x00000000   Number         0  entry9b.o ABSOLUTE
    ../clib/microlib/init/entry.s            0x00000000   Number         0  entry10a.o ABSOLUTE
    ../clib/microlib/init/entry.s            0x00000000   Number         0  entry10b.o ABSOLUTE
    ../clib/microlib/init/entry.s            0x00000000   Number         0  entry11a.o ABSOLUTE
    ../clib/microlib/init/entry.s            0x00000000   Number         0  entry11b.o ABSOLUTE
    ../clib/microlib/longlong.c              0x00000000   Number         0  llshl.o ABSOLUTE
    ../clib/microlib/longlong.c              0x00000000   Number         0  llushr.o ABSOLUTE
    ../clib/microlib/longlong.c              0x00000000   Number         0  llsshr.o ABSOLUTE
    ../clib/microlib/string/memcmp.c         0x00000000   Number         0  memcmp.o ABSOLUTE
    ../clib/microlib/string/memcpy.c         0x00000000   Number         0  memcpya.o ABSOLUTE
    ../clib/microlib/string/memcpy.c         0x00000000   Number         0  memcpyb.o ABSOLUTE
    ../clib/microlib/stubs.s                 0x00000000   Number         0  iusefp.o ABSOLUTE
    ../fplib/microlib/d2f.c                  0x00000000   Number         0  d2f.o ABSOLUTE
    ../fplib/microlib/f2d.c                  0x00000000   Number         0  f2d.o ABSOLUTE
    ../fplib/microlib/fpadd.c                0x00000000   Number         0  fadd.o ABSOLUTE
    ../fplib/microlib/fpadd.c                0x00000000   Number         0  dadd.o ABSOLUTE
    ../fplib/microlib/fpdiv.c                0x00000000   Number         0  fdiv.o ABSOLUTE
    ../fplib/microlib/fpepilogue.c           0x00000000   Number         0  fepilogue.o ABSOLUTE
    ../fplib/microlib/fpepilogue.c           0x00000000   Number         0  depilogue.o ABSOLUTE
    ../fplib/microlib/fpfix.c                0x00000000   Number         0  ffixi.o ABSOLUTE
    ../fplib/microlib/fpfix.c                0x00000000   Number         0  dfixi.o ABSOLUTE
    ../fplib/microlib/fpflt.c                0x00000000   Number         0  fflti.o ABSOLUTE
    ../fplib/microlib/fpflt.c                0x00000000   Number         0  ffltui.o ABSOLUTE
    ../fplib/microlib/fpflt.c                0x00000000   Number         0  dflti.o ABSOLUTE
    ../fplib/microlib/fpmul.c                0x00000000   Number         0  fmul.o ABSOLUTE
    ../fplib/microlib/fpmul.c                0x00000000   Number         0  dmul.o ABSOLUTE
    ../start/startup_cw32l010.s              0x00000000   Number         0  startup_cw32l010.o ABSOLUTE
    APP.c                                    0x00000000   Number         0  app.o ABSOLUTE
    APP_FLASH.c                              0x00000000   Number         0  app_flash.o ABSOLUTE
    APP_KEY.c                                0x00000000   Number         0  app_key.o ABSOLUTE
    APP_KVM.c                                0x00000000   Number         0  app_kvm.o ABSOLUTE
    APP_LED.c                                0x00000000   Number         0  app_led.o ABSOLUTE
    APP_SWITCH.c                             0x00000000   Number         0  app_switch.o ABSOLUTE
    BSP.c                                    0x00000000   Number         0  bsp.o ABSOLUTE
    BSP_FLASH.c                              0x00000000   Number         0  bsp_flash.o ABSOLUTE
    BSP_KEY.c                                0x00000000   Number         0  bsp_key.o ABSOLUTE
    BSP_KVM.c                                0x00000000   Number         0  bsp_kvm.o ABSOLUTE
    BSP_LED.c                                0x00000000   Number         0  bsp_led.o ABSOLUTE
    BSP_RCC.c                                0x00000000   Number         0  bsp_rcc.o ABSOLUTE
    BSP_SWITCH.c                             0x00000000   Number         0  bsp_switch.o ABSOLUTE
    BSP_SYSTICK.c                            0x00000000   Number         0  bsp_systick.o ABSOLUTE
    cw32l010_adc.c                           0x00000000   Number         0  cw32l010_adc.o ABSOLUTE
    cw32l010_atim.c                          0x00000000   Number         0  cw32l010_atim.o ABSOLUTE
    cw32l010_btim.c                          0x00000000   Number         0  cw32l010_btim.o ABSOLUTE
    cw32l010_crc.c                           0x00000000   Number         0  cw32l010_crc.o ABSOLUTE
    cw32l010_debug.c                         0x00000000   Number         0  cw32l010_debug.o ABSOLUTE
    cw32l010_digitalsign.c                   0x00000000   Number         0  cw32l010_digitalsign.o ABSOLUTE
    cw32l010_flash.c                         0x00000000   Number         0  cw32l010_flash.o ABSOLUTE
    cw32l010_gpio.c                          0x00000000   Number         0  cw32l010_gpio.o ABSOLUTE
    cw32l010_gtim.c                          0x00000000   Number         0  cw32l010_gtim.o ABSOLUTE
    cw32l010_i2c.c                           0x00000000   Number         0  cw32l010_i2c.o ABSOLUTE
    cw32l010_iwdt.c                          0x00000000   Number         0  cw32l010_iwdt.o ABSOLUTE
    cw32l010_lptim.c                         0x00000000   Number         0  cw32l010_lptim.o ABSOLUTE
    cw32l010_lvd.c                           0x00000000   Number         0  cw32l010_lvd.o ABSOLUTE
    cw32l010_pwr.c                           0x00000000   Number         0  cw32l010_pwr.o ABSOLUTE
    cw32l010_ram.c                           0x00000000   Number         0  cw32l010_ram.o ABSOLUTE
    cw32l010_rtc.c                           0x00000000   Number         0  cw32l010_rtc.o ABSOLUTE
    cw32l010_spi.c                           0x00000000   Number         0  cw32l010_spi.o ABSOLUTE
    cw32l010_sysctrl.c                       0x00000000   Number         0  cw32l010_sysctrl.o ABSOLUTE
    cw32l010_systick.c                       0x00000000   Number         0  cw32l010_systick.o ABSOLUTE
    cw32l010_uart.c                          0x00000000   Number         0  cw32l010_uart.o ABSOLUTE
    cw32l010_vc.c                            0x00000000   Number         0  cw32l010_vc.o ABSOLUTE
    dc.s                                     0x00000000   Number         0  dc.o ABSOLUTE
    handlers.s                               0x00000000   Number         0  handlers.o ABSOLUTE
    i2c_eeprom.c                             0x00000000   Number         0  i2c_eeprom.o ABSOLUTE
    init.s                                   0x00000000   Number         0  init.o ABSOLUTE
    interrupt.c                              0x00000000   Number         0  interrupt.o ABSOLUTE
    main.c                                   0x00000000   Number         0  main.o ABSOLUTE
    system_cw32l010.c                        0x00000000   Number         0  system_cw32l010.o ABSOLUTE
    RESET                                    0x00000000   Section      192  startup_cw32l010.o(RESET)
    .ARM.Collect$$$$00000000                 0x000000c0   Section        0  entry.o(.ARM.Collect$$$$00000000)
    .ARM.Collect$$$$00000001                 0x000000c0   Section        4  entry2.o(.ARM.Collect$$$$00000001)
    .ARM.Collect$$$$00000004                 0x000000c4   Section        4  entry5.o(.ARM.Collect$$$$00000004)
    .ARM.Collect$$$$00000008                 0x000000c8   Section        0  entry7b.o(.ARM.Collect$$$$00000008)
    .ARM.Collect$$$$0000000A                 0x000000c8   Section        0  entry8b.o(.ARM.Collect$$$$0000000A)
    .ARM.Collect$$$$0000000B                 0x000000c8   Section        8  entry9a.o(.ARM.Collect$$$$0000000B)
    __lit__00000000                          0x000000d0   Data           4  entry2.o(.ARM.Collect$$$$00002712)
    .ARM.Collect$$$$0000000D                 0x000000d0   Section        0  entry10a.o(.ARM.Collect$$$$0000000D)
    .ARM.Collect$$$$0000000F                 0x000000d0   Section        0  entry11a.o(.ARM.Collect$$$$0000000F)
    .ARM.Collect$$$$00002712                 0x000000d0   Section        4  entry2.o(.ARM.Collect$$$$00002712)
    .text                                    0x000000d4   Section       40  startup_cw32l010.o(.text)
    .text                                    0x000000fc   Section        0  memcpya.o(.text)
    .text                                    0x00000120   Section        0  memcmp.o(.text)
    .text                                    0x0000013a   Section        0  uidiv_div0.o(.text)
    .text                                    0x00000178   Section       48  init.o(.text)
    [Anonymous Symbol]                       0x000001a8   Section        0  cw32l010_flash.o(.text.FLASH_ErasePages)
    __arm_cp.8_3                             0x00000240   Number         4  cw32l010_flash.o(.text.FLASH_ErasePages)
    [Anonymous Symbol]                       0x00000244   Section        0  cw32l010_flash.o(.text.FLASH_LockAllPages)
    [Anonymous Symbol]                       0x0000024c   Section        0  cw32l010_flash.o(.text.FLASH_LockPage)
    [Anonymous Symbol]                       0x00000290   Section        0  cw32l010_flash.o(.text.FLASH_LockPages)
    [Anonymous Symbol]                       0x00000330   Section        0  cw32l010_flash.o(.text.FLASH_UnlockPage)
    __arm_cp.5_0                             0x00000374   Number         4  cw32l010_flash.o(.text.FLASH_UnlockPage)
    __arm_cp.5_1                             0x00000378   Number         4  cw32l010_flash.o(.text.FLASH_UnlockPage)
    [Anonymous Symbol]                       0x0000037c   Section        0  cw32l010_flash.o(.text.FLASH_UnlockPages)
    __arm_cp.6_0                             0x0000041c   Number         4  cw32l010_flash.o(.text.FLASH_UnlockPages)
    [Anonymous Symbol]                       0x00000420   Section        0  cw32l010_flash.o(.text.FLASH_WriteBytes)
    __arm_cp.9_0                             0x000004c4   Number         4  cw32l010_flash.o(.text.FLASH_WriteBytes)
    __arm_cp.9_1                             0x000004c8   Number         4  cw32l010_flash.o(.text.FLASH_WriteBytes)
    __arm_cp.9_2                             0x000004cc   Number         4  cw32l010_flash.o(.text.FLASH_WriteBytes)
    __arm_cp.9_3                             0x000004d0   Number         4  cw32l010_flash.o(.text.FLASH_WriteBytes)
    __arm_cp.9_4                             0x000004d4   Number         4  cw32l010_flash.o(.text.FLASH_WriteBytes)
    FUN_GPIO_DeInit                          0x000004d9   Thumb Code    20  bsp.o(.text.FUN_GPIO_DeInit)
    [Anonymous Symbol]                       0x000004d8   Section        0  bsp.o(.text.FUN_GPIO_DeInit)
    FUN_GPIO_Init                            0x000004ed   Thumb Code  1408  bsp.o(.text.FUN_GPIO_Init)
    [Anonymous Symbol]                       0x000004ec   Section        0  bsp.o(.text.FUN_GPIO_Init)
    __arm_cp.1_0                             0x00000a6c   Number         4  bsp.o(.text.FUN_GPIO_Init)
    __arm_cp.1_1                             0x00000a70   Number         4  bsp.o(.text.FUN_GPIO_Init)
    FUN_GPIO_Read                            0x00000a75   Thumb Code    24  bsp.o(.text.FUN_GPIO_Read)
    [Anonymous Symbol]                       0x00000a74   Section        0  bsp.o(.text.FUN_GPIO_Read)
    FUN_GPIO_Reset                           0x00000a8d   Thumb Code    22  bsp.o(.text.FUN_GPIO_Reset)
    [Anonymous Symbol]                       0x00000a8c   Section        0  bsp.o(.text.FUN_GPIO_Reset)
    FUN_GPIO_Set                             0x00000aa3   Thumb Code    22  bsp.o(.text.FUN_GPIO_Set)
    [Anonymous Symbol]                       0x00000aa2   Section        0  bsp.o(.text.FUN_GPIO_Set)
    FUN_GPIO_Toggle                          0x00000ab9   Thumb Code    20  bsp.o(.text.FUN_GPIO_Toggle)
    [Anonymous Symbol]                       0x00000ab8   Section        0  bsp.o(.text.FUN_GPIO_Toggle)
    [Anonymous Symbol]                       0x00000acc   Section        0  cw32l010_gpio.o(.text.GPIO_DeInit)
    [Anonymous Symbol]                       0x00000b12   Section        0  cw32l010_gpio.o(.text.GPIO_ReadPin)
    [Anonymous Symbol]                       0x00000b44   Section        0  cw32l010_gpio.o(.text.GPIO_TogglePin)
    [Anonymous Symbol]                       0x00000b56   Section        0  cw32l010_gpio.o(.text.GPIO_WritePin)
    [Anonymous Symbol]                       0x00000b84   Section        0  cw32l010_systick.o(.text.GetTick)
    __arm_cp.3_0                             0x00000b8c   Number         4  cw32l010_systick.o(.text.GetTick)
    [Anonymous Symbol]                       0x00000b90   Section        0  cw32l010_systick.o(.text.InitTick)
    __arm_cp.0_0                             0x00000bd0   Number         4  cw32l010_systick.o(.text.InitTick)
    __arm_cp.0_1                             0x00000bd4   Number         4  cw32l010_systick.o(.text.InitTick)
    [Anonymous Symbol]                       0x00000bd8   Section        0  cw32l010_sysctrl.o(.text.SYSCTRL_GetHClkFreq)
    __arm_cp.4_2                             0x00000c6c   Number         4  cw32l010_sysctrl.o(.text.SYSCTRL_GetHClkFreq)
    __arm_cp.4_3                             0x00000c70   Number         4  cw32l010_sysctrl.o(.text.SYSCTRL_GetHClkFreq)
    __arm_cp.4_4                             0x00000c74   Number         4  cw32l010_sysctrl.o(.text.SYSCTRL_GetHClkFreq)
    __arm_cp.4_5                             0x00000c78   Number         4  cw32l010_sysctrl.o(.text.SYSCTRL_GetHClkFreq)
    [Anonymous Symbol]                       0x00000c7c   Section        0  cw32l010_sysctrl.o(.text.SYSCTRL_HCLKPRS_Config)
    __arm_cp.0_2                             0x00000ce4   Number         4  cw32l010_sysctrl.o(.text.SYSCTRL_HCLKPRS_Config)
    [Anonymous Symbol]                       0x00000ce8   Section        0  cw32l010_sysctrl.o(.text.SYSCTRL_HSI_Enable)
    __arm_cp.12_0                            0x00000e4c   Number         4  cw32l010_sysctrl.o(.text.SYSCTRL_HSI_Enable)
    __arm_cp.12_3                            0x00000e50   Number         4  cw32l010_sysctrl.o(.text.SYSCTRL_HSI_Enable)
    __arm_cp.12_4                            0x00000e54   Number         4  cw32l010_sysctrl.o(.text.SYSCTRL_HSI_Enable)
    __arm_cp.12_7                            0x00000e58   Number         4  cw32l010_sysctrl.o(.text.SYSCTRL_HSI_Enable)
    __arm_cp.12_8                            0x00000e5c   Number         4  cw32l010_sysctrl.o(.text.SYSCTRL_HSI_Enable)
    __arm_cp.12_9                            0x00000e60   Number         4  cw32l010_sysctrl.o(.text.SYSCTRL_HSI_Enable)
    [Anonymous Symbol]                       0x00000e64   Section        0  cw32l010_sysctrl.o(.text.SYSCTRL_PCLKPRS_Config)
    __arm_cp.1_1                             0x00000ecc   Number         4  cw32l010_sysctrl.o(.text.SYSCTRL_PCLKPRS_Config)
    __arm_cp.1_2                             0x00000ed0   Number         4  cw32l010_sysctrl.o(.text.SYSCTRL_PCLKPRS_Config)
    [Anonymous Symbol]                       0x00000ed4   Section        0  cw32l010_sysctrl.o(.text.SYSCTRL_SysClk_Switch)
    __arm_cp.22_0                            0x00001000   Number         4  cw32l010_sysctrl.o(.text.SYSCTRL_SysClk_Switch)
    __arm_cp.22_1                            0x00001004   Number         4  cw32l010_sysctrl.o(.text.SYSCTRL_SysClk_Switch)
    __arm_cp.22_2                            0x00001008   Number         4  cw32l010_sysctrl.o(.text.SYSCTRL_SysClk_Switch)
    __arm_cp.22_3                            0x0000100c   Number         4  cw32l010_sysctrl.o(.text.SYSCTRL_SysClk_Switch)
    __arm_cp.22_4                            0x00001010   Number         4  cw32l010_sysctrl.o(.text.SYSCTRL_SysClk_Switch)
    __arm_cp.22_5                            0x00001014   Number         4  cw32l010_sysctrl.o(.text.SYSCTRL_SysClk_Switch)
    [Anonymous Symbol]                       0x00001018   Section        0  cw32l010_sysctrl.o(.text.SYSCTRL_SystemCoreClockUpdate)
    [Anonymous Symbol]                       0x00001028   Section        0  cw32l010_systick.o(.text.SysTickDelay)
    SysTick_Config                           0x00001051   Thumb Code    68  cw32l010_systick.o(.text.SysTick_Config)
    [Anonymous Symbol]                       0x00001050   Section        0  cw32l010_systick.o(.text.SysTick_Config)
    __arm_cp.1_2                             0x00001094   Number         4  cw32l010_systick.o(.text.SysTick_Config)
    [Anonymous Symbol]                       0x00001098   Section        0  cw32l010_systick.o(.text.SysTick_Handler)
    __arm_cp.7_0                             0x000010a8   Number         4  cw32l010_systick.o(.text.SysTick_Handler)
    [Anonymous Symbol]                       0x000010ac   Section        0  system_cw32l010.o(.text.SystemCoreClockUpdate)
    __arm_cp.0_0                             0x000010b4   Number         4  system_cw32l010.o(.text.SystemCoreClockUpdate)
    __arm_cp.0_1                             0x000010b8   Number         4  system_cw32l010.o(.text.SystemCoreClockUpdate)
    [Anonymous Symbol]                       0x000010bc   Section        0  system_cw32l010.o(.text.SystemInit)
    __arm_cp.1_0                             0x000010ec   Number         4  system_cw32l010.o(.text.SystemInit)
    __arm_cp.1_1                             0x000010f0   Number         4  system_cw32l010.o(.text.SystemInit)
    __arm_cp.1_2                             0x000010f4   Number         4  system_cw32l010.o(.text.SystemInit)
    __arm_cp.1_3                             0x000010f8   Number         4  system_cw32l010.o(.text.SystemInit)
    __arm_cp.1_4                             0x000010fc   Number         4  system_cw32l010.o(.text.SystemInit)
    __arm_cp.1_5                             0x00001100   Number         4  system_cw32l010.o(.text.SystemInit)
    __arm_cp.1_6                             0x00001104   Number         4  system_cw32l010.o(.text.SystemInit)
    __arm_cp.1_7                             0x00001108   Number         4  system_cw32l010.o(.text.SystemInit)
    __NVIC_SetPriority                       0x0000110d   Thumb Code   124  cw32l010_systick.o(.text.__NVIC_SetPriority)
    [Anonymous Symbol]                       0x0000110c   Section        0  cw32l010_systick.o(.text.__NVIC_SetPriority)
    __arm_cp.2_0                             0x00001188   Number         4  cw32l010_systick.o(.text.__NVIC_SetPriority)
    __arm_cp.2_1                             0x0000118c   Number         4  cw32l010_systick.o(.text.__NVIC_SetPriority)
    ___FUN_GPIO_CLK_ENABLE                   0x00001191   Thumb Code    80  bsp.o(.text.___FUN_GPIO_CLK_ENABLE)
    [Anonymous Symbol]                       0x00001190   Section        0  bsp.o(.text.___FUN_GPIO_CLK_ENABLE)
    __arm_cp.7_0                             0x000011e0   Number         4  bsp.o(.text.___FUN_GPIO_CLK_ENABLE)
    __arm_cp.7_1                             0x000011e4   Number         4  bsp.o(.text.___FUN_GPIO_CLK_ENABLE)
    __arm_cp.7_2                             0x000011e8   Number         4  bsp.o(.text.___FUN_GPIO_CLK_ENABLE)
    __arm_cp.7_3                             0x000011ec   Number         4  bsp.o(.text.___FUN_GPIO_CLK_ENABLE)
    [Anonymous Symbol]                       0x000011f0   Section        0  main.o(.text.assert_failed)
    data_app_to_bsp                          0x000011fb   Thumb Code    54  app_flash.o(.text.data_app_to_bsp)
    [Anonymous Symbol]                       0x000011fa   Section        0  app_flash.o(.text.data_app_to_bsp)
    data_bsp_to_app                          0x00001231   Thumb Code    54  app_flash.o(.text.data_bsp_to_app)
    [Anonymous Symbol]                       0x00001230   Section        0  app_flash.o(.text.data_bsp_to_app)
    flash_erase_psge                         0x00001267   Thumb Code    36  bsp_flash.o(.text.flash_erase_psge)
    [Anonymous Symbol]                       0x00001266   Section        0  bsp_flash.o(.text.flash_erase_psge)
    flash_write_data                         0x0000128b   Thumb Code    44  bsp_flash.o(.text.flash_write_data)
    [Anonymous Symbol]                       0x0000128a   Section        0  bsp_flash.o(.text.flash_write_data)
    flash_write_mark                         0x000012b7   Thumb Code    48  bsp_flash.o(.text.flash_write_mark)
    [Anonymous Symbol]                       0x000012b6   Section        0  bsp_flash.o(.text.flash_write_mark)
    fun_data_dafault_set                     0x000012e7   Thumb Code    22  bsp_flash.o(.text.fun_data_dafault_set)
    [Anonymous Symbol]                       0x000012e6   Section        0  bsp_flash.o(.text.fun_data_dafault_set)
    fun_delay_ms                             0x000012fd   Thumb Code    16  bsp_systick.o(.text.fun_delay_ms)
    [Anonymous Symbol]                       0x000012fc   Section        0  bsp_systick.o(.text.fun_delay_ms)
    fun_delay_us                             0x0000130d   Thumb Code   176  bsp_systick.o(.text.fun_delay_us)
    [Anonymous Symbol]                       0x0000130c   Section        0  bsp_systick.o(.text.fun_delay_us)
    __arm_cp.2_0                             0x000013bc   Number         4  bsp_systick.o(.text.fun_delay_us)
    __arm_cp.2_1                             0x000013c0   Number         4  bsp_systick.o(.text.fun_delay_us)
    __arm_cp.2_2                             0x000013c4   Number         4  bsp_systick.o(.text.fun_delay_us)
    fun_get_core_fre                         0x000013c9   Thumb Code     8  bsp_rcc.o(.text.fun_get_core_fre)
    [Anonymous Symbol]                       0x000013c8   Section        0  bsp_rcc.o(.text.fun_get_core_fre)
    fun_get_tick                             0x000013d1   Thumb Code     8  bsp_systick.o(.text.fun_get_tick)
    [Anonymous Symbol]                       0x000013d0   Section        0  bsp_systick.o(.text.fun_get_tick)
    __arm_cp.1_0                             0x000013d8   Number         4  bsp_systick.o(.text.fun_get_tick)
    fun_init                                 0x000013dd   Thumb Code    54  bsp_rcc.o(.text.fun_init)
    [Anonymous Symbol]                       0x000013dc   Section        0  bsp_rcc.o(.text.fun_init)
    fun_init                                 0x00001413   Thumb Code    12  bsp_systick.o(.text.fun_init)
    [Anonymous Symbol]                       0x00001412   Section        0  bsp_systick.o(.text.fun_init)
    fun_init                                 0x00001421   Thumb Code    36  bsp_key.o(.text.fun_init)
    [Anonymous Symbol]                       0x00001420   Section        0  bsp_key.o(.text.fun_init)
    __arm_cp.0_1                             0x00001444   Number         4  bsp_key.o(.text.fun_init)
    __arm_cp.0_2                             0x00001448   Number         4  bsp_key.o(.text.fun_init)
    __arm_cp.0_3                             0x0000144c   Number         4  bsp_key.o(.text.fun_init)
    fun_init                                 0x00001451   Thumb Code    84  bsp_kvm.o(.text.fun_init)
    [Anonymous Symbol]                       0x00001450   Section        0  bsp_kvm.o(.text.fun_init)
    __arm_cp.0_1                             0x000014a4   Number         4  bsp_kvm.o(.text.fun_init)
    __arm_cp.0_2                             0x000014a8   Number         4  bsp_kvm.o(.text.fun_init)
    __arm_cp.0_3                             0x000014ac   Number         4  bsp_kvm.o(.text.fun_init)
    __arm_cp.0_4                             0x000014b0   Number         4  bsp_kvm.o(.text.fun_init)
    fun_init                                 0x000014b5   Thumb Code    64  bsp_switch.o(.text.fun_init)
    [Anonymous Symbol]                       0x000014b4   Section        0  bsp_switch.o(.text.fun_init)
    __arm_cp.0_0                             0x000014f4   Number         4  bsp_switch.o(.text.fun_init)
    __arm_cp.0_1                             0x000014f8   Number         4  bsp_switch.o(.text.fun_init)
    __arm_cp.0_2                             0x000014fc   Number         4  bsp_switch.o(.text.fun_init)
    __arm_cp.0_3                             0x00001500   Number         4  bsp_switch.o(.text.fun_init)
    fun_init                                 0x00001505   Thumb Code   244  bsp_flash.o(.text.fun_init)
    [Anonymous Symbol]                       0x00001504   Section        0  bsp_flash.o(.text.fun_init)
    __arm_cp.0_0                             0x000015f8   Number         4  bsp_flash.o(.text.fun_init)
    __arm_cp.0_1                             0x000015fc   Number         4  bsp_flash.o(.text.fun_init)
    __arm_cp.0_2                             0x00001600   Number         4  bsp_flash.o(.text.fun_init)
    __arm_cp.0_3                             0x00001604   Number         4  bsp_flash.o(.text.fun_init)
    __arm_cp.0_4                             0x00001608   Number         4  bsp_flash.o(.text.fun_init)
    __arm_cp.0_5                             0x0000160c   Number         4  bsp_flash.o(.text.fun_init)
    fun_init                                 0x00001611   Thumb Code    12  app_key.o(.text.fun_init)
    [Anonymous Symbol]                       0x00001610   Section        0  app_key.o(.text.fun_init)
    fun_init                                 0x0000161d   Thumb Code    12  app_led.o(.text.fun_init)
    [Anonymous Symbol]                       0x0000161c   Section        0  app_led.o(.text.fun_init)
    __arm_cp.0_0                             0x00001628   Number         4  app_led.o(.text.fun_init)
    fun_init                                 0x0000162d   Thumb Code    36  app_flash.o(.text.fun_init)
    [Anonymous Symbol]                       0x0000162c   Section        0  app_flash.o(.text.fun_init)
    __arm_cp.0_0                             0x00001650   Number         4  app_flash.o(.text.fun_init)
    __arm_cp.0_1                             0x00001654   Number         4  app_flash.o(.text.fun_init)
    fun_init                                 0x00001659   Thumb Code    44  app_kvm.o(.text.fun_init)
    [Anonymous Symbol]                       0x00001658   Section        0  app_kvm.o(.text.fun_init)
    __arm_cp.0_0                             0x00001684   Number         4  app_kvm.o(.text.fun_init)
    __arm_cp.0_2                             0x00001688   Number         4  app_kvm.o(.text.fun_init)
    fun_init                                 0x0000168d   Thumb Code    36  app_switch.o(.text.fun_init)
    [Anonymous Symbol]                       0x0000168c   Section        0  app_switch.o(.text.fun_init)
    __arm_cp.0_0                             0x000016b0   Number         4  app_switch.o(.text.fun_init)
    __arm_cp.0_1                             0x000016b4   Number         4  app_switch.o(.text.fun_init)
    __arm_cp.0_2                             0x000016b8   Number         4  app_switch.o(.text.fun_init)
    fun_loop                                 0x000016bd   Thumb Code   212  app_key.o(.text.fun_loop)
    [Anonymous Symbol]                       0x000016bc   Section        0  app_key.o(.text.fun_loop)
    __arm_cp.1_0                             0x00001790   Number         4  app_key.o(.text.fun_loop)
    __arm_cp.1_1                             0x00001794   Number         4  app_key.o(.text.fun_loop)
    __arm_cp.1_2                             0x00001798   Number         4  app_key.o(.text.fun_loop)
    __arm_cp.1_3                             0x0000179c   Number         4  app_key.o(.text.fun_loop)
    __arm_cp.1_4                             0x000017a0   Number         4  app_key.o(.text.fun_loop)
    __arm_cp.1_5                             0x000017a4   Number         4  app_key.o(.text.fun_loop)
    fun_loop                                 0x000017a9   Thumb Code  1432  app_led.o(.text.fun_loop)
    [Anonymous Symbol]                       0x000017a8   Section        0  app_led.o(.text.fun_loop)
    __arm_cp.1_10                            0x00001ba4   Number         4  app_led.o(.text.fun_loop)
    __arm_cp.1_11                            0x00001ba8   Number         4  app_led.o(.text.fun_loop)
    __arm_cp.1_12                            0x00001bac   Number         4  app_led.o(.text.fun_loop)
    __arm_cp.1_0                             0x00001d40   Number         4  app_led.o(.text.fun_loop)
    __arm_cp.1_4                             0x00001d44   Number         4  app_led.o(.text.fun_loop)
    __arm_cp.1_5                             0x00001d48   Number         4  app_led.o(.text.fun_loop)
    __arm_cp.1_6                             0x00001d4c   Number         4  app_led.o(.text.fun_loop)
    __arm_cp.1_7                             0x00001d50   Number         4  app_led.o(.text.fun_loop)
    __arm_cp.1_8                             0x00001d54   Number         4  app_led.o(.text.fun_loop)
    fun_loop                                 0x00001d59   Thumb Code   112  app_flash.o(.text.fun_loop)
    [Anonymous Symbol]                       0x00001d58   Section        0  app_flash.o(.text.fun_loop)
    __arm_cp.1_0                             0x00001dc8   Number         4  app_flash.o(.text.fun_loop)
    __arm_cp.1_1                             0x00001dcc   Number         4  app_flash.o(.text.fun_loop)
    __arm_cp.1_2                             0x00001dd0   Number         4  app_flash.o(.text.fun_loop)
    __arm_cp.1_3                             0x00001dd4   Number         4  app_flash.o(.text.fun_loop)
    __arm_cp.1_4                             0x00001dd8   Number         4  app_flash.o(.text.fun_loop)
    __arm_cp.1_5                             0x00001ddc   Number         4  app_flash.o(.text.fun_loop)
    fun_loop                                 0x00001de1   Thumb Code   400  app_kvm.o(.text.fun_loop)
    [Anonymous Symbol]                       0x00001de0   Section        0  app_kvm.o(.text.fun_loop)
    __arm_cp.1_0                             0x00001f70   Number         4  app_kvm.o(.text.fun_loop)
    __arm_cp.1_1                             0x00001f74   Number         4  app_kvm.o(.text.fun_loop)
    __arm_cp.1_3                             0x00001f78   Number         4  app_kvm.o(.text.fun_loop)
    __arm_cp.1_4                             0x00001f7c   Number         4  app_kvm.o(.text.fun_loop)
    __arm_cp.1_5                             0x00001f80   Number         4  app_kvm.o(.text.fun_loop)
    __arm_cp.1_6                             0x00001f84   Number         4  app_kvm.o(.text.fun_loop)
    __arm_cp.1_7                             0x00001f88   Number         4  app_kvm.o(.text.fun_loop)
    __arm_cp.1_8                             0x00001f8c   Number         4  app_kvm.o(.text.fun_loop)
    __arm_cp.1_9                             0x00001f90   Number         4  app_kvm.o(.text.fun_loop)
    fun_loop                                 0x00001f95   Thumb Code   184  app_switch.o(.text.fun_loop)
    [Anonymous Symbol]                       0x00001f94   Section        0  app_switch.o(.text.fun_loop)
    __arm_cp.1_0                             0x0000204c   Number         4  app_switch.o(.text.fun_loop)
    __arm_cp.1_1                             0x00002050   Number         4  app_switch.o(.text.fun_loop)
    __arm_cp.1_2                             0x00002054   Number         4  app_switch.o(.text.fun_loop)
    __arm_cp.1_3                             0x00002058   Number         4  app_switch.o(.text.fun_loop)
    __arm_cp.1_5                             0x0000205c   Number         4  app_switch.o(.text.fun_loop)
    fun_out                                  0x00002061   Thumb Code   140  bsp_kvm.o(.text.fun_out)
    [Anonymous Symbol]                       0x00002060   Section        0  bsp_kvm.o(.text.fun_out)
    __arm_cp.1_1                             0x000020ec   Number         4  bsp_kvm.o(.text.fun_out)
    __arm_cp.1_2                             0x000020f0   Number         4  bsp_kvm.o(.text.fun_out)
    __arm_cp.1_3                             0x000020f4   Number         4  bsp_kvm.o(.text.fun_out)
    __arm_cp.1_4                             0x000020f8   Number         4  bsp_kvm.o(.text.fun_out)
    fun_out                                  0x000020fd   Thumb Code   160  bsp_switch.o(.text.fun_out)
    [Anonymous Symbol]                       0x000020fc   Section        0  bsp_switch.o(.text.fun_out)
    __arm_cp.1_1                             0x0000219c   Number         4  bsp_switch.o(.text.fun_out)
    __arm_cp.1_2                             0x000021a0   Number         4  bsp_switch.o(.text.fun_out)
    __arm_cp.1_3                             0x000021a4   Number         4  bsp_switch.o(.text.fun_out)
    fun_read                                 0x000021a9   Thumb Code    64  bsp_key.o(.text.fun_read)
    [Anonymous Symbol]                       0x000021a8   Section        0  bsp_key.o(.text.fun_read)
    __arm_cp.1_1                             0x000021e8   Number         4  bsp_key.o(.text.fun_read)
    __arm_cp.1_2                             0x000021ec   Number         4  bsp_key.o(.text.fun_read)
    __arm_cp.1_3                             0x000021f0   Number         4  bsp_key.o(.text.fun_read)
    fun_read                                 0x000021f5   Thumb Code    20  bsp_flash.o(.text.fun_read)
    [Anonymous Symbol]                       0x000021f4   Section        0  bsp_flash.o(.text.fun_read)
    fun_read                                 0x00002209   Thumb Code    24  app_key.o(.text.fun_read)
    [Anonymous Symbol]                       0x00002208   Section        0  app_key.o(.text.fun_read)
    __arm_cp.2_0                             0x00002220   Number         4  app_key.o(.text.fun_read)
    fun_read                                 0x00002225   Thumb Code    20  app_led.o(.text.fun_read)
    [Anonymous Symbol]                       0x00002224   Section        0  app_led.o(.text.fun_read)
    __arm_cp.2_0                             0x00002238   Number         4  app_led.o(.text.fun_read)
    fun_read                                 0x0000223d   Thumb Code    20  app_flash.o(.text.fun_read)
    [Anonymous Symbol]                       0x0000223c   Section        0  app_flash.o(.text.fun_read)
    __arm_cp.2_0                             0x00002250   Number         4  app_flash.o(.text.fun_read)
    fun_read                                 0x00002255   Thumb Code    24  app_kvm.o(.text.fun_read)
    [Anonymous Symbol]                       0x00002254   Section        0  app_kvm.o(.text.fun_read)
    __arm_cp.2_0                             0x0000226c   Number         4  app_kvm.o(.text.fun_read)
    fun_read                                 0x00002271   Thumb Code    16  app_switch.o(.text.fun_read)
    [Anonymous Symbol]                       0x00002270   Section        0  app_switch.o(.text.fun_read)
    __arm_cp.2_0                             0x00002280   Number         4  app_switch.o(.text.fun_read)
    fun_write                                0x00002285   Thumb Code   204  bsp_flash.o(.text.fun_write)
    [Anonymous Symbol]                       0x00002284   Section        0  bsp_flash.o(.text.fun_write)
    __arm_cp.2_0                             0x00002350   Number         4  bsp_flash.o(.text.fun_write)
    __arm_cp.2_1                             0x00002354   Number         4  bsp_flash.o(.text.fun_write)
    __arm_cp.2_2                             0x00002358   Number         4  bsp_flash.o(.text.fun_write)
    led_1_off                                0x0000235d   Thumb Code    14  bsp_led.o(.text.led_1_off)
    [Anonymous Symbol]                       0x0000235c   Section        0  bsp_led.o(.text.led_1_off)
    led_1_on                                 0x0000236d   Thumb Code    20  bsp_led.o(.text.led_1_on)
    [Anonymous Symbol]                       0x0000236c   Section        0  bsp_led.o(.text.led_1_on)
    led_2_off                                0x00002381   Thumb Code    14  bsp_led.o(.text.led_2_off)
    [Anonymous Symbol]                       0x00002380   Section        0  bsp_led.o(.text.led_2_off)
    led_2_on                                 0x00002391   Thumb Code    20  bsp_led.o(.text.led_2_on)
    [Anonymous Symbol]                       0x00002390   Section        0  bsp_led.o(.text.led_2_on)
    led_3_off                                0x000023a5   Thumb Code    14  bsp_led.o(.text.led_3_off)
    [Anonymous Symbol]                       0x000023a4   Section        0  bsp_led.o(.text.led_3_off)
    led_3_on                                 0x000023b5   Thumb Code    20  bsp_led.o(.text.led_3_on)
    [Anonymous Symbol]                       0x000023b4   Section        0  bsp_led.o(.text.led_3_on)
    __arm_cp.11_0                            0x000023c8   Number         4  bsp_led.o(.text.led_3_on)
    led_4_off                                0x000023cd   Thumb Code    14  bsp_led.o(.text.led_4_off)
    [Anonymous Symbol]                       0x000023cc   Section        0  bsp_led.o(.text.led_4_off)
    led_4_on                                 0x000023dd   Thumb Code    20  bsp_led.o(.text.led_4_on)
    [Anonymous Symbol]                       0x000023dc   Section        0  bsp_led.o(.text.led_4_on)
    __arm_cp.13_0                            0x000023f0   Number         4  bsp_led.o(.text.led_4_on)
    led_io_init                              0x000023f5   Thumb Code    80  bsp_led.o(.text.led_io_init)
    [Anonymous Symbol]                       0x000023f4   Section        0  bsp_led.o(.text.led_io_init)
    __arm_cp.0_0                             0x00002444   Number         4  bsp_led.o(.text.led_io_init)
    __arm_cp.0_1                             0x00002448   Number         4  bsp_led.o(.text.led_io_init)
    __arm_cp.0_2                             0x0000244c   Number         4  bsp_led.o(.text.led_io_init)
    __arm_cp.0_3                             0x00002450   Number         4  bsp_led.o(.text.led_io_init)
    __arm_cp.0_4                             0x00002454   Number         4  bsp_led.o(.text.led_io_init)
    led_io_off                               0x00002459   Thumb Code    20  bsp_led.o(.text.led_io_off)
    [Anonymous Symbol]                       0x00002458   Section        0  bsp_led.o(.text.led_io_off)
    led_io_on                                0x0000246d   Thumb Code    20  bsp_led.o(.text.led_io_on)
    [Anonymous Symbol]                       0x0000246c   Section        0  bsp_led.o(.text.led_io_on)
    led_io_read                              0x00002481   Thumb Code    20  bsp_led.o(.text.led_io_read)
    [Anonymous Symbol]                       0x00002480   Section        0  bsp_led.o(.text.led_io_read)
    led_io_refresh                           0x00002495   Thumb Code   152  bsp_led.o(.text.led_io_refresh)
    [Anonymous Symbol]                       0x00002494   Section        0  bsp_led.o(.text.led_io_refresh)
    __arm_cp.1_0                             0x0000252c   Number         4  bsp_led.o(.text.led_io_refresh)
    __arm_cp.1_1                             0x00002530   Number         4  bsp_led.o(.text.led_io_refresh)
    __arm_cp.1_2                             0x00002534   Number         4  bsp_led.o(.text.led_io_refresh)
    __arm_cp.1_4                             0x00002538   Number         4  bsp_led.o(.text.led_io_refresh)
    led_io_toggle                            0x0000253d   Thumb Code    24  bsp_led.o(.text.led_io_toggle)
    [Anonymous Symbol]                       0x0000253c   Section        0  bsp_led.o(.text.led_io_toggle)
    __arm_cp.4_0                             0x00002554   Number         4  bsp_led.o(.text.led_io_toggle)
    led_usb_1_off                            0x00002559   Thumb Code    12  bsp_led.o(.text.led_usb_1_off)
    [Anonymous Symbol]                       0x00002558   Section        0  bsp_led.o(.text.led_usb_1_off)
    led_usb_1_on                             0x00002565   Thumb Code    16  bsp_led.o(.text.led_usb_1_on)
    [Anonymous Symbol]                       0x00002564   Section        0  bsp_led.o(.text.led_usb_1_on)
    led_usb_2_off                            0x00002575   Thumb Code    12  bsp_led.o(.text.led_usb_2_off)
    [Anonymous Symbol]                       0x00002574   Section        0  bsp_led.o(.text.led_usb_2_off)
    led_usb_2_on                             0x00002581   Thumb Code    16  bsp_led.o(.text.led_usb_2_on)
    [Anonymous Symbol]                       0x00002580   Section        0  bsp_led.o(.text.led_usb_2_on)
    led_usb_3_off                            0x00002591   Thumb Code    12  bsp_led.o(.text.led_usb_3_off)
    [Anonymous Symbol]                       0x00002590   Section        0  bsp_led.o(.text.led_usb_3_off)
    led_usb_3_on                             0x0000259d   Thumb Code    16  bsp_led.o(.text.led_usb_3_on)
    [Anonymous Symbol]                       0x0000259c   Section        0  bsp_led.o(.text.led_usb_3_on)
    __arm_cp.19_0                            0x000025ac   Number         4  bsp_led.o(.text.led_usb_3_on)
    led_usb_4_off                            0x000025b1   Thumb Code    12  bsp_led.o(.text.led_usb_4_off)
    [Anonymous Symbol]                       0x000025b0   Section        0  bsp_led.o(.text.led_usb_4_off)
    led_usb_4_on                             0x000025bd   Thumb Code    16  bsp_led.o(.text.led_usb_4_on)
    [Anonymous Symbol]                       0x000025bc   Section        0  bsp_led.o(.text.led_usb_4_on)
    __arm_cp.21_0                            0x000025cc   Number         4  bsp_led.o(.text.led_usb_4_on)
    __arm_cp.21_1                            0x000025d0   Number         4  bsp_led.o(.text.led_usb_4_on)
    [Anonymous Symbol]                       0x000025d4   Section        0  main.o(.text.main)
    __arm_cp.0_0                             0x00002628   Number         4  main.o(.text.main)
    __arm_cp.0_1                             0x0000262c   Number         4  main.o(.text.main)
    __arm_cp.0_2                             0x00002630   Number         4  main.o(.text.main)
    __arm_cp.0_3                             0x00002634   Number         4  main.o(.text.main)
    __arm_cp.0_4                             0x00002638   Number         4  main.o(.text.main)
    __arm_cp.0_5                             0x0000263c   Number         4  main.o(.text.main)
    __arm_cp.0_6                             0x00002640   Number         4  main.o(.text.main)
    sum_check_uint8_t                        0x00002645   Thumb Code    58  bsp_flash.o(.text.sum_check_uint8_t)
    [Anonymous Symbol]                       0x00002644   Section        0  bsp_flash.o(.text.sum_check_uint8_t)
    i.__scatterload_copy                     0x0000267e   Section       14  handlers.o(i.__scatterload_copy)
    i.__scatterload_null                     0x0000268c   Section        2  handlers.o(i.__scatterload_null)
    i.__scatterload_zeroinit                 0x0000268e   Section       14  handlers.o(i.__scatterload_zeroinit)
    SWITCH_1_2                               0x00002744   Data          20  bsp_switch.o(.rodata.SWITCH_1_2)
    [Anonymous Symbol]                       0x00002744   Section        0  bsp_switch.o(.rodata.SWITCH_1_2)
    SWITCH_3_4                               0x00002758   Data          20  bsp_switch.o(.rodata.SWITCH_3_4)
    [Anonymous Symbol]                       0x00002758   Section        0  bsp_switch.o(.rodata.SWITCH_3_4)
    SWITCH_io_12_34                          0x0000276c   Data          20  bsp_switch.o(.rodata.SWITCH_io_12_34)
    [Anonymous Symbol]                       0x0000276c   Section        0  bsp_switch.o(.rodata.SWITCH_io_12_34)
    fun_loop.kvm_out_state                   0x00002780   Data          64  app_kvm.o(.rodata.fun_loop.kvm_out_state)
    [Anonymous Symbol]                       0x00002780   Section        0  app_kvm.o(.rodata.fun_loop.kvm_out_state)
    key_1                                    0x00002800   Data          20  bsp_key.o(.rodata.key_1)
    [Anonymous Symbol]                       0x00002800   Section        0  bsp_key.o(.rodata.key_1)
    key_2                                    0x00002814   Data          20  bsp_key.o(.rodata.key_2)
    [Anonymous Symbol]                       0x00002814   Section        0  bsp_key.o(.rodata.key_2)
    key_3                                    0x00002828   Data          20  bsp_key.o(.rodata.key_3)
    [Anonymous Symbol]                       0x00002828   Section        0  bsp_key.o(.rodata.key_3)
    kvm_io_1                                 0x0000283c   Data          20  bsp_kvm.o(.rodata.kvm_io_1)
    [Anonymous Symbol]                       0x0000283c   Section        0  bsp_kvm.o(.rodata.kvm_io_1)
    kvm_io_2                                 0x00002850   Data          20  bsp_kvm.o(.rodata.kvm_io_2)
    [Anonymous Symbol]                       0x00002850   Section        0  bsp_kvm.o(.rodata.kvm_io_2)
    kvm_io_3                                 0x00002864   Data          20  bsp_kvm.o(.rodata.kvm_io_3)
    [Anonymous Symbol]                       0x00002864   Section        0  bsp_kvm.o(.rodata.kvm_io_3)
    kvm_io_4                                 0x00002878   Data          20  bsp_kvm.o(.rodata.kvm_io_4)
    [Anonymous Symbol]                       0x00002878   Section        0  bsp_kvm.o(.rodata.kvm_io_4)
    led_1_2                                  0x0000288c   Data          20  bsp_led.o(.rodata.led_1_2)
    [Anonymous Symbol]                       0x0000288c   Section        0  bsp_led.o(.rodata.led_1_2)
    led_3_4                                  0x000028a0   Data          20  bsp_led.o(.rodata.led_3_4)
    [Anonymous Symbol]                       0x000028a0   Section        0  bsp_led.o(.rodata.led_3_4)
    led_io_refresh.point                     0x000028b4   Data           8  bsp_led.o(.rodata.led_io_refresh.point)
    [Anonymous Symbol]                       0x000028b4   Section        0  bsp_led.o(.rodata.led_io_refresh.point)
    [Anonymous Symbol]                       0x000028bc   Section        0  cw32l010_flash.o(.rodata.str1.1)
    [Anonymous Symbol]                       0x000028dc   Section        0  cw32l010_sysctrl.o(.rodata.str1.1)
    usb_1_2                                  0x00002900   Data          20  bsp_led.o(.rodata.usb_1_2)
    [Anonymous Symbol]                       0x00002900   Section        0  bsp_led.o(.rodata.usb_1_2)
    usb_3_4                                  0x00002914   Data          20  bsp_led.o(.rodata.usb_3_4)
    [Anonymous Symbol]                       0x00002914   Section        0  bsp_led.o(.rodata.usb_3_4)
    data_default_callback                    0x20000004   Data           4  bsp_flash.o(.data.data_default_callback)
    [Anonymous Symbol]                       0x20000004   Section        0  bsp_flash.o(.data.data_default_callback)
    fun_loop.key_err                         0x20000008   Data           1  app_kvm.o(.data.fun_loop.key_err)
    [Anonymous Symbol]                       0x20000008   Section        0  app_kvm.o(.data.fun_loop.key_err)
    fun_loop.last                            0x20000009   Data           1  app_switch.o(.data.fun_loop.last)
    [Anonymous Symbol]                       0x20000009   Section        0  app_switch.o(.data.fun_loop.last)
    fun_loop.usb_all_control_led_tick        0x2000000c   Data           4  app_led.o(.data.fun_loop.usb_all_control_led_tick)
    [Anonymous Symbol]                       0x2000000c   Section        0  app_led.o(.data.fun_loop.usb_all_control_led_tick)
    led_state                                0x20000010   Data          64  bsp_led.o(.data.led_state)
    [Anonymous Symbol]                       0x20000010   Section        0  bsp_led.o(.data.led_state)
    USB_LED_ENABLE                           0x20000058   Data           1  bsp_led.o(.bss.USB_LED_ENABLE)
    [Anonymous Symbol]                       0x20000058   Section        0  bsp_led.o(.bss.USB_LED_ENABLE)
    USER_ADDR                                0x2000005c   Data           4  bsp_flash.o(.bss.USER_ADDR)
    [Anonymous Symbol]                       0x2000005c   Section        0  bsp_flash.o(.bss.USER_ADDR)
    bsp_count                                0x20000060   Data           1  app_key.o(.bss.bsp_count)
    [Anonymous Symbol]                       0x20000060   Section        0  app_key.o(.bss.bsp_count)
    bsp_value                                0x20000061   Data          30  app_key.o(.bss.bsp_value)
    [Anonymous Symbol]                       0x20000061   Section        0  app_key.o(.bss.bsp_value)
    buf                                      0x20000080   Data          10  bsp_flash.o(.bss.buf)
    [Anonymous Symbol]                       0x20000080   Section        0  bsp_flash.o(.bss.buf)
    data                                     0x2000008a   Data           3  app_key.o(.bss.data)
    [Anonymous Symbol]                       0x2000008a   Section        0  app_key.o(.bss.data)
    data                                     0x2000008d   Data           8  app_led.o(.bss.data)
    [Anonymous Symbol]                       0x2000008d   Section        0  app_led.o(.bss.data)
    data                                     0x20000095   Data           5  app_flash.o(.bss.data)
    [Anonymous Symbol]                       0x20000095   Section        0  app_flash.o(.bss.data)
    data                                     0x2000009a   Data           3  app_kvm.o(.bss.data)
    [Anonymous Symbol]                       0x2000009a   Section        0  app_kvm.o(.bss.data)
    data                                     0x2000009d   Data           1  app_switch.o(.bss.data)
    [Anonymous Symbol]                       0x2000009d   Section        0  app_switch.o(.bss.data)
    fun_loop.last_key                        0x2000009e   Data           3  app_kvm.o(.bss.fun_loop.last_key)
    [Anonymous Symbol]                       0x2000009e   Section        0  app_kvm.o(.bss.fun_loop.last_key)
    fun_loop.start_kvm                       0x200000a1   Data           1  app_kvm.o(.bss.fun_loop.start_kvm)
    [Anonymous Symbol]                       0x200000a1   Section        0  app_kvm.o(.bss.fun_loop.start_kvm)
    fun_loop.tick                            0x200000a4   Data           4  app_key.o(.bss.fun_loop.tick)
    [Anonymous Symbol]                       0x200000a4   Section        0  app_key.o(.bss.fun_loop.tick)
    fun_loop.tick                            0x200000a8   Data           4  app_led.o(.bss.fun_loop.tick)
    [Anonymous Symbol]                       0x200000a8   Section        0  app_led.o(.bss.fun_loop.tick)
    fun_loop.tick                            0x200000ac   Data           4  app_flash.o(.bss.fun_loop.tick)
    [Anonymous Symbol]                       0x200000ac   Section        0  app_flash.o(.bss.fun_loop.tick)
    fun_loop.tick                            0x200000b0   Data           4  app_kvm.o(.bss.fun_loop.tick)
    [Anonymous Symbol]                       0x200000b0   Section        0  app_kvm.o(.bss.fun_loop.tick)
    fun_loop.tick                            0x200000b4   Data           4  app_switch.o(.bss.fun_loop.tick)
    [Anonymous Symbol]                       0x200000b4   Section        0  app_switch.o(.bss.fun_loop.tick)
    gpio_irq_callback                        0x200000b8   Data          64  bsp.o(.bss.gpio_irq_callback)
    [Anonymous Symbol]                       0x200000b8   Section        0  bsp.o(.bss.gpio_irq_callback)
    led_io_refresh.set_point                 0x200000f8   Data           1  bsp_led.o(.bss.led_io_refresh.set_point)
    [Anonymous Symbol]                       0x200000f8   Section        0  bsp_led.o(.bss.led_io_refresh.set_point)
    state                                    0x200000f9   Data           8  bsp_led.o(.bss.state)
    [Anonymous Symbol]                       0x200000f9   Section        0  bsp_led.o(.bss.state)
    STACK                                    0x20000108   Section     1024  startup_cw32l010.o(STACK)

    Global Symbols

    Symbol Name                              Value     Ov Type        Size  Object(Section)

    BuildAttributes$$THM_ISAv3M$S$PE$A:L22$X:L11$S22$IEEE1$IW$~IW$USESV6$~STKCKD$USESV7$~SHL$OTIME$ROPI$EBA8$MICROLIB$REQ8$PRES8$EABIv2 0x00000000   Number         0  anon$$obj.o ABSOLUTE
    __Vectors                                0x00000000   Data           0  startup_cw32l010.o(RESET)
    __cpp_initialize__aeabi_                  - Undefined Weak Reference
    __cxa_finalize                            - Undefined Weak Reference
    __decompress                              - Undefined Weak Reference
    _clock_init                               - Undefined Weak Reference
    _microlib_exit                            - Undefined Weak Reference
    __Vectors_End                            0x000000c0   Data           0  startup_cw32l010.o(RESET)
    __Vectors_Size                           0x000000c0   Number         0  startup_cw32l010.o ABSOLUTE
    __main                                   0x000000c1   Thumb Code     0  entry.o(.ARM.Collect$$$$00000000)
    _main_stk                                0x000000c1   Thumb Code     0  entry2.o(.ARM.Collect$$$$00000001)
    _main_scatterload                        0x000000c5   Thumb Code     0  entry5.o(.ARM.Collect$$$$00000004)
    __main_after_scatterload                 0x000000c9   Thumb Code     0  entry5.o(.ARM.Collect$$$$00000004)
    _main_clock                              0x000000c9   Thumb Code     0  entry7b.o(.ARM.Collect$$$$00000008)
    _main_cpp_init                           0x000000c9   Thumb Code     0  entry8b.o(.ARM.Collect$$$$0000000A)
    _main_init                               0x000000c9   Thumb Code     0  entry9a.o(.ARM.Collect$$$$0000000B)
    __rt_final_cpp                           0x000000d1   Thumb Code     0  entry10a.o(.ARM.Collect$$$$0000000D)
    __rt_final_exit                          0x000000d1   Thumb Code     0  entry11a.o(.ARM.Collect$$$$0000000F)
    Reset_Handler                            0x000000d5   Thumb Code    14  startup_cw32l010.o(.text)
    NMI_Handler                              0x000000e3   Thumb Code     2  startup_cw32l010.o(.text)
    HardFault_Handler                        0x000000e5   Thumb Code     2  startup_cw32l010.o(.text)
    SVC_Handler                              0x000000e7   Thumb Code     2  startup_cw32l010.o(.text)
    PendSV_Handler                           0x000000e9   Thumb Code     2  startup_cw32l010.o(.text)
    ADC_IRQHandler                           0x000000ed   Thumb Code     0  startup_cw32l010.o(.text)
    ATIM_IRQHandler                          0x000000ed   Thumb Code     0  startup_cw32l010.o(.text)
    BTIM1_IRQHandler                         0x000000ed   Thumb Code     0  startup_cw32l010.o(.text)
    BTIM2_IRQHandler                         0x000000ed   Thumb Code     0  startup_cw32l010.o(.text)
    BTIM3_IRQHandler                         0x000000ed   Thumb Code     0  startup_cw32l010.o(.text)
    CLKFAULT_IRQHandler                      0x000000ed   Thumb Code     0  startup_cw32l010.o(.text)
    FLASHRAM_IRQHandler                      0x000000ed   Thumb Code     0  startup_cw32l010.o(.text)
    GPIOA_IRQHandler                         0x000000ed   Thumb Code     0  startup_cw32l010.o(.text)
    GPIOB_IRQHandler                         0x000000ed   Thumb Code     0  startup_cw32l010.o(.text)
    GTIM1_IRQHandler                         0x000000ed   Thumb Code     0  startup_cw32l010.o(.text)
    I2C1_IRQHandler                          0x000000ed   Thumb Code     0  startup_cw32l010.o(.text)
    LPTIM_IRQHandler                         0x000000ed   Thumb Code     0  startup_cw32l010.o(.text)
    LVD_IRQHandler                           0x000000ed   Thumb Code     0  startup_cw32l010.o(.text)
    RTC_IRQHandler                           0x000000ed   Thumb Code     0  startup_cw32l010.o(.text)
    SPI1_IRQHandler                          0x000000ed   Thumb Code     0  startup_cw32l010.o(.text)
    SYSCTRL_IRQHandler                       0x000000ed   Thumb Code     0  startup_cw32l010.o(.text)
    UART1_IRQHandler                         0x000000ed   Thumb Code     0  startup_cw32l010.o(.text)
    UART2_IRQHandler                         0x000000ed   Thumb Code     0  startup_cw32l010.o(.text)
    VC1_IRQHandler                           0x000000ed   Thumb Code     0  startup_cw32l010.o(.text)
    VC2_IRQHandler                           0x000000ed   Thumb Code     0  startup_cw32l010.o(.text)
    WDT_IRQHandler                           0x000000ed   Thumb Code     0  startup_cw32l010.o(.text)
    __aeabi_memcpy                           0x000000fd   Thumb Code    36  memcpya.o(.text)
    __aeabi_memcpy4                          0x000000fd   Thumb Code     0  memcpya.o(.text)
    __aeabi_memcpy8                          0x000000fd   Thumb Code     0  memcpya.o(.text)
    memcmp                                   0x00000121   Thumb Code    26  memcmp.o(.text)
    __aeabi_uidiv                            0x0000013b   Thumb Code     0  uidiv_div0.o(.text)
    __aeabi_uidivmod                         0x0000013b   Thumb Code    62  uidiv_div0.o(.text)
    __scatterload                            0x00000179   Thumb Code    38  init.o(.text)
    __scatterload_rt2                        0x00000179   Thumb Code     0  init.o(.text)
    FLASH_ErasePages                         0x000001a9   Thumb Code   152  cw32l010_flash.o(.text.FLASH_ErasePages)
    FLASH_LockAllPages                       0x00000245   Thumb Code     8  cw32l010_flash.o(.text.FLASH_LockAllPages)
    FLASH_LockPage                           0x0000024d   Thumb Code    68  cw32l010_flash.o(.text.FLASH_LockPage)
    FLASH_LockPages                          0x00000291   Thumb Code   160  cw32l010_flash.o(.text.FLASH_LockPages)
    FLASH_UnlockPage                         0x00000331   Thumb Code    68  cw32l010_flash.o(.text.FLASH_UnlockPage)
    FLASH_UnlockPages                        0x0000037d   Thumb Code   160  cw32l010_flash.o(.text.FLASH_UnlockPages)
    FLASH_WriteBytes                         0x00000421   Thumb Code   164  cw32l010_flash.o(.text.FLASH_WriteBytes)
    GPIO_DeInit                              0x00000acd   Thumb Code    70  cw32l010_gpio.o(.text.GPIO_DeInit)
    GPIO_ReadPin                             0x00000b13   Thumb Code    50  cw32l010_gpio.o(.text.GPIO_ReadPin)
    GPIO_TogglePin                           0x00000b45   Thumb Code    18  cw32l010_gpio.o(.text.GPIO_TogglePin)
    GPIO_WritePin                            0x00000b57   Thumb Code    44  cw32l010_gpio.o(.text.GPIO_WritePin)
    GetTick                                  0x00000b85   Thumb Code     8  cw32l010_systick.o(.text.GetTick)
    InitTick                                 0x00000b91   Thumb Code    64  cw32l010_systick.o(.text.InitTick)
    SYSCTRL_GetHClkFreq                      0x00000bd9   Thumb Code   148  cw32l010_sysctrl.o(.text.SYSCTRL_GetHClkFreq)
    SYSCTRL_HCLKPRS_Config                   0x00000c7d   Thumb Code   104  cw32l010_sysctrl.o(.text.SYSCTRL_HCLKPRS_Config)
    SYSCTRL_HSI_Enable                       0x00000ce9   Thumb Code   356  cw32l010_sysctrl.o(.text.SYSCTRL_HSI_Enable)
    SYSCTRL_PCLKPRS_Config                   0x00000e65   Thumb Code   104  cw32l010_sysctrl.o(.text.SYSCTRL_PCLKPRS_Config)
    SYSCTRL_SysClk_Switch                    0x00000ed5   Thumb Code   300  cw32l010_sysctrl.o(.text.SYSCTRL_SysClk_Switch)
    SYSCTRL_SystemCoreClockUpdate            0x00001019   Thumb Code    16  cw32l010_sysctrl.o(.text.SYSCTRL_SystemCoreClockUpdate)
    SysTickDelay                             0x00001029   Thumb Code    40  cw32l010_systick.o(.text.SysTickDelay)
    SysTick_Handler                          0x00001099   Thumb Code    16  cw32l010_systick.o(.text.SysTick_Handler)
    SystemCoreClockUpdate                    0x000010ad   Thumb Code     8  system_cw32l010.o(.text.SystemCoreClockUpdate)
    SystemInit                               0x000010bd   Thumb Code    48  system_cw32l010.o(.text.SystemInit)
    assert_failed                            0x000011f1   Thumb Code    10  main.o(.text.assert_failed)
    main                                     0x000025d5   Thumb Code    84  main.o(.text.main)
    __scatterload_copy                       0x0000267f   Thumb Code    14  handlers.o(i.__scatterload_copy)
    __scatterload_null                       0x0000268d   Thumb Code     2  handlers.o(i.__scatterload_null)
    __scatterload_zeroinit                   0x0000268f   Thumb Code    14  handlers.o(i.__scatterload_zeroinit)
    APP_FLASH_FUN                            0x0000269c   Data          12  app_flash.o(.rodata.APP_FLASH_FUN)
    APP_KEY_FUN                              0x000026a8   Data          12  app_key.o(.rodata.APP_KEY_FUN)
    APP_KVM_FUN                              0x000026b4   Data          12  app_kvm.o(.rodata.APP_KVM_FUN)
    APP_LED_FUN                              0x000026c0   Data          12  app_led.o(.rodata.APP_LED_FUN)
    APP_SWITCH_FUN                           0x000026cc   Data          12  app_switch.o(.rodata.APP_SWITCH_FUN)
    BSP_FLASH_FUN                            0x000026d8   Data          12  bsp_flash.o(.rodata.BSP_FLASH_FUN)
    BSP_FUN_GPIO                             0x000026e4   Data          24  bsp.o(.rodata.BSP_FUN_GPIO)
    BSP_KEY_FUN                              0x000026fc   Data           8  bsp_key.o(.rodata.BSP_KEY_FUN)
    BSP_KVM_FUN                              0x00002704   Data           8  bsp_kvm.o(.rodata.BSP_KVM_FUN)
    BSP_LED_FUN                              0x0000270c   Data          24  bsp_led.o(.rodata.BSP_LED_FUN)
    BSP_RCC_FUN                              0x00002724   Data           8  bsp_rcc.o(.rodata.BSP_RCC_FUN)
    BSP_SWITCH_FUN                           0x0000272c   Data           8  bsp_switch.o(.rodata.BSP_SWITCH_FUN)
    BSP_SYSTICK_FUN                          0x00002734   Data          16  bsp_systick.o(.rodata.BSP_SYSTICK_FUN)
    hsiprs_tbl                               0x000027c0   Data          64  cw32l010_sysctrl.o(.rodata.hsiprs_tbl)
    Region$$Table$$Base                      0x00002928   Number         0  anon$$obj.o(Region$$Table)
    Region$$Table$$Limit                     0x00002948   Number         0  anon$$obj.o(Region$$Table)
    SystemCoreClock                          0x20000000   Data           4  system_cw32l010.o(.data.SystemCoreClock)
    uwTickFreq                               0x20000050   Data           1  cw32l010_systick.o(.data.uwTickFreq)
    uwTickPrio                               0x20000054   Data           4  cw32l010_systick.o(.data.uwTickPrio)
    uwTick                                   0x20000104   Data           4  cw32l010_systick.o(.bss.uwTick)
    __initial_sp                             0x20000508   Data           0  startup_cw32l010.o(STACK)



==============================================================================

Memory Map of the image

  Image Entry point : 0x000000c1

  Load Region LR_IROM1 (Base: 0x00000000, Size: 0x000029a0, Max: 0x00010000, ABSOLUTE)

    Execution Region ER_IROM1 (Exec base: 0x00000000, Load base: 0x00000000, Size: 0x00002948, Max: 0x00010000, ABSOLUTE)

    Exec Addr    Load Addr    Size         Type   Attr      Idx    E Section Name        Object

    0x00000000   0x00000000   0x000000c0   Data   RO            3    RESET               startup_cw32l010.o
    0x000000c0   0x000000c0   0x00000000   Code   RO         1326  * .ARM.Collect$$$$00000000  mc_p.l(entry.o)
    0x000000c0   0x000000c0   0x00000004   Code   RO         1365    .ARM.Collect$$$$00000001  mc_p.l(entry2.o)
    0x000000c4   0x000000c4   0x00000004   Code   RO         1368    .ARM.Collect$$$$00000004  mc_p.l(entry5.o)
    0x000000c8   0x000000c8   0x00000000   Code   RO         1370    .ARM.Collect$$$$00000008  mc_p.l(entry7b.o)
    0x000000c8   0x000000c8   0x00000000   Code   RO         1372    .ARM.Collect$$$$0000000A  mc_p.l(entry8b.o)
    0x000000c8   0x000000c8   0x00000008   Code   RO         1373    .ARM.Collect$$$$0000000B  mc_p.l(entry9a.o)
    0x000000d0   0x000000d0   0x00000000   Code   RO         1375    .ARM.Collect$$$$0000000D  mc_p.l(entry10a.o)
    0x000000d0   0x000000d0   0x00000000   Code   RO         1377    .ARM.Collect$$$$0000000F  mc_p.l(entry11a.o)
    0x000000d0   0x000000d0   0x00000004   Code   RO         1366    .ARM.Collect$$$$00002712  mc_p.l(entry2.o)
    0x000000d4   0x000000d4   0x00000028   Code   RO            4    .text               startup_cw32l010.o
    0x000000fc   0x000000fc   0x00000024   Code   RO         1335    .text               mc_p.l(memcpya.o)
    0x00000120   0x00000120   0x0000001a   Code   RO         1337    .text               mc_p.l(memcmp.o)
    0x0000013a   0x0000013a   0x0000003e   Code   RO         1381    .text               mc_p.l(uidiv_div0.o)
    0x00000178   0x00000178   0x00000030   Code   RO         1400    .text               mc_p.l(init.o)
    0x000001a8   0x000001a8   0x0000009c   Code   RO          282    .text.FLASH_ErasePages  cw32l010_flash.o
    0x00000244   0x00000244   0x00000008   Code   RO          274    .text.FLASH_LockAllPages  cw32l010_flash.o
    0x0000024c   0x0000024c   0x00000044   Code   RO          290    .text.FLASH_LockPage  cw32l010_flash.o
    0x00000290   0x00000290   0x000000a0   Code   RO          292    .text.FLASH_LockPages  cw32l010_flash.o
    0x00000330   0x00000330   0x0000004c   Code   RO          276    .text.FLASH_UnlockPage  cw32l010_flash.o
    0x0000037c   0x0000037c   0x000000a4   Code   RO          278    .text.FLASH_UnlockPages  cw32l010_flash.o
    0x00000420   0x00000420   0x000000b8   Code   RO          284    .text.FLASH_WriteBytes  cw32l010_flash.o
    0x000004d8   0x000004d8   0x00000014   Code   RO         1045    .text.FUN_GPIO_DeInit  bsp.o
    0x000004ec   0x000004ec   0x00000588   Code   RO         1043    .text.FUN_GPIO_Init  bsp.o
    0x00000a74   0x00000a74   0x00000018   Code   RO         1053    .text.FUN_GPIO_Read  bsp.o
    0x00000a8c   0x00000a8c   0x00000016   Code   RO         1049    .text.FUN_GPIO_Reset  bsp.o
    0x00000aa2   0x00000aa2   0x00000016   Code   RO         1047    .text.FUN_GPIO_Set  bsp.o
    0x00000ab8   0x00000ab8   0x00000014   Code   RO         1051    .text.FUN_GPIO_Toggle  bsp.o
    0x00000acc   0x00000acc   0x00000046   Code   RO          312    .text.GPIO_DeInit   cw32l010_gpio.o
    0x00000b12   0x00000b12   0x00000032   Code   RO          314    .text.GPIO_ReadPin  cw32l010_gpio.o
    0x00000b44   0x00000b44   0x00000012   Code   RO          320    .text.GPIO_TogglePin  cw32l010_gpio.o
    0x00000b56   0x00000b56   0x0000002c   Code   RO          316    .text.GPIO_WritePin  cw32l010_gpio.o
    0x00000b82   0x00000b82   0x00000002   PAD
    0x00000b84   0x00000b84   0x0000000c   Code   RO          836    .text.GetTick       cw32l010_systick.o
    0x00000b90   0x00000b90   0x00000048   Code   RO          830    .text.InitTick      cw32l010_systick.o
    0x00000bd8   0x00000bd8   0x000000a4   Code   RO          745    .text.SYSCTRL_GetHClkFreq  cw32l010_sysctrl.o
    0x00000c7c   0x00000c7c   0x0000006c   Code   RO          737    .text.SYSCTRL_HCLKPRS_Config  cw32l010_sysctrl.o
    0x00000ce8   0x00000ce8   0x0000017c   Code   RO          761    .text.SYSCTRL_HSI_Enable  cw32l010_sysctrl.o
    0x00000e64   0x00000e64   0x00000070   Code   RO          739    .text.SYSCTRL_PCLKPRS_Config  cw32l010_sysctrl.o
    0x00000ed4   0x00000ed4   0x00000144   Code   RO          781    .text.SYSCTRL_SysClk_Switch  cw32l010_sysctrl.o
    0x00001018   0x00001018   0x00000010   Code   RO          743    .text.SYSCTRL_SystemCoreClockUpdate  cw32l010_sysctrl.o
    0x00001028   0x00001028   0x00000028   Code   RO          838    .text.SysTickDelay  cw32l010_systick.o
    0x00001050   0x00001050   0x00000048   Code   RO          832    .text.SysTick_Config  cw32l010_systick.o
    0x00001098   0x00001098   0x00000014   Code   RO          844    .text.SysTick_Handler  cw32l010_systick.o
    0x000010ac   0x000010ac   0x00000010   Code   RO         1014    .text.SystemCoreClockUpdate  system_cw32l010.o
    0x000010bc   0x000010bc   0x00000050   Code   RO         1016    .text.SystemInit    system_cw32l010.o
    0x0000110c   0x0000110c   0x00000084   Code   RO          834    .text.__NVIC_SetPriority  cw32l010_systick.o
    0x00001190   0x00001190   0x00000060   Code   RO         1055    .text.___FUN_GPIO_CLK_ENABLE  bsp.o
    0x000011f0   0x000011f0   0x0000000a   Code   RO         1031    .text.assert_failed  main.o
    0x000011fa   0x000011fa   0x00000036   Code   RO         1275    .text.data_app_to_bsp  app_flash.o
    0x00001230   0x00001230   0x00000036   Code   RO         1273    .text.data_bsp_to_app  app_flash.o
    0x00001266   0x00001266   0x00000024   Code   RO         1209    .text.flash_erase_psge  bsp_flash.o
    0x0000128a   0x0000128a   0x0000002c   Code   RO         1211    .text.flash_write_data  bsp_flash.o
    0x000012b6   0x000012b6   0x00000030   Code   RO         1215    .text.flash_write_mark  bsp_flash.o
    0x000012e6   0x000012e6   0x00000016   Code   RO         1213    .text.fun_data_dafault_set  bsp_flash.o
    0x000012fc   0x000012fc   0x00000010   Code   RO         1145    .text.fun_delay_ms  bsp_systick.o
    0x0000130c   0x0000130c   0x000000bc   Code   RO         1143    .text.fun_delay_us  bsp_systick.o
    0x000013c8   0x000013c8   0x00000008   Code   RO         1129    .text.fun_get_core_fre  bsp_rcc.o
    0x000013d0   0x000013d0   0x0000000c   Code   RO         1141    .text.fun_get_tick  bsp_systick.o
    0x000013dc   0x000013dc   0x00000036   Code   RO         1127    .text.fun_init      bsp_rcc.o
    0x00001412   0x00001412   0x0000000c   Code   RO         1139    .text.fun_init      bsp_systick.o
    0x0000141e   0x0000141e   0x00000002   PAD
    0x00001420   0x00001420   0x00000030   Code   RO         1155    .text.fun_init      bsp_key.o
    0x00001450   0x00001450   0x00000064   Code   RO         1170    .text.fun_init      bsp_kvm.o
    0x000014b4   0x000014b4   0x00000050   Code   RO         1186    .text.fun_init      bsp_switch.o
    0x00001504   0x00001504   0x0000010c   Code   RO         1201    .text.fun_init      bsp_flash.o
    0x00001610   0x00001610   0x0000000c   Code   RO         1229    .text.fun_init      app_key.o
    0x0000161c   0x0000161c   0x00000010   Code   RO         1249    .text.fun_init      app_led.o
    0x0000162c   0x0000162c   0x0000002c   Code   RO         1267    .text.fun_init      app_flash.o
    0x00001658   0x00001658   0x00000034   Code   RO         1288    .text.fun_init      app_kvm.o
    0x0000168c   0x0000168c   0x00000030   Code   RO         1309    .text.fun_init      app_switch.o
    0x000016bc   0x000016bc   0x000000ec   Code   RO         1231    .text.fun_loop      app_key.o
    0x000017a8   0x000017a8   0x000005b0   Code   RO         1251    .text.fun_loop      app_led.o
    0x00001d58   0x00001d58   0x00000088   Code   RO         1269    .text.fun_loop      app_flash.o
    0x00001de0   0x00001de0   0x000001b4   Code   RO         1290    .text.fun_loop      app_kvm.o
    0x00001f94   0x00001f94   0x000000cc   Code   RO         1311    .text.fun_loop      app_switch.o
    0x00002060   0x00002060   0x0000009c   Code   RO         1172    .text.fun_out       bsp_kvm.o
    0x000020fc   0x000020fc   0x000000ac   Code   RO         1188    .text.fun_out       bsp_switch.o
    0x000021a8   0x000021a8   0x0000004c   Code   RO         1157    .text.fun_read      bsp_key.o
    0x000021f4   0x000021f4   0x00000014   Code   RO         1203    .text.fun_read      bsp_flash.o
    0x00002208   0x00002208   0x0000001c   Code   RO         1233    .text.fun_read      app_key.o
    0x00002224   0x00002224   0x00000018   Code   RO         1253    .text.fun_read      app_led.o
    0x0000223c   0x0000223c   0x00000018   Code   RO         1271    .text.fun_read      app_flash.o
    0x00002254   0x00002254   0x0000001c   Code   RO         1292    .text.fun_read      app_kvm.o
    0x00002270   0x00002270   0x00000014   Code   RO         1313    .text.fun_read      app_switch.o
    0x00002284   0x00002284   0x000000d8   Code   RO         1205    .text.fun_write     bsp_flash.o
    0x0000235c   0x0000235c   0x0000000e   Code   RO         1078    .text.led_1_off     bsp_led.o
    0x0000236a   0x0000236a   0x00000002   PAD
    0x0000236c   0x0000236c   0x00000014   Code   RO         1080    .text.led_1_on      bsp_led.o
    0x00002380   0x00002380   0x0000000e   Code   RO         1082    .text.led_2_off     bsp_led.o
    0x0000238e   0x0000238e   0x00000002   PAD
    0x00002390   0x00002390   0x00000014   Code   RO         1084    .text.led_2_on      bsp_led.o
    0x000023a4   0x000023a4   0x0000000e   Code   RO         1086    .text.led_3_off     bsp_led.o
    0x000023b2   0x000023b2   0x00000002   PAD
    0x000023b4   0x000023b4   0x00000018   Code   RO         1088    .text.led_3_on      bsp_led.o
    0x000023cc   0x000023cc   0x0000000e   Code   RO         1090    .text.led_4_off     bsp_led.o
    0x000023da   0x000023da   0x00000002   PAD
    0x000023dc   0x000023dc   0x00000018   Code   RO         1092    .text.led_4_on      bsp_led.o
    0x000023f4   0x000023f4   0x00000064   Code   RO         1066    .text.led_io_init   bsp_led.o
    0x00002458   0x00002458   0x00000014   Code   RO         1072    .text.led_io_off    bsp_led.o
    0x0000246c   0x0000246c   0x00000014   Code   RO         1070    .text.led_io_on     bsp_led.o
    0x00002480   0x00002480   0x00000014   Code   RO         1076    .text.led_io_read   bsp_led.o
    0x00002494   0x00002494   0x000000a8   Code   RO         1068    .text.led_io_refresh  bsp_led.o
    0x0000253c   0x0000253c   0x0000001c   Code   RO         1074    .text.led_io_toggle  bsp_led.o
    0x00002558   0x00002558   0x0000000c   Code   RO         1094    .text.led_usb_1_off  bsp_led.o
    0x00002564   0x00002564   0x00000010   Code   RO         1096    .text.led_usb_1_on  bsp_led.o
    0x00002574   0x00002574   0x0000000c   Code   RO         1098    .text.led_usb_2_off  bsp_led.o
    0x00002580   0x00002580   0x00000010   Code   RO         1100    .text.led_usb_2_on  bsp_led.o
    0x00002590   0x00002590   0x0000000c   Code   RO         1102    .text.led_usb_3_off  bsp_led.o
    0x0000259c   0x0000259c   0x00000014   Code   RO         1104    .text.led_usb_3_on  bsp_led.o
    0x000025b0   0x000025b0   0x0000000c   Code   RO         1106    .text.led_usb_4_off  bsp_led.o
    0x000025bc   0x000025bc   0x00000018   Code   RO         1108    .text.led_usb_4_on  bsp_led.o
    0x000025d4   0x000025d4   0x00000070   Code   RO         1029    .text.main          main.o
    0x00002644   0x00002644   0x0000003a   Code   RO         1207    .text.sum_check_uint8_t  bsp_flash.o
    0x0000267e   0x0000267e   0x0000000e   Code   RO         1404    i.__scatterload_copy  mc_p.l(handlers.o)
    0x0000268c   0x0000268c   0x00000002   Code   RO         1405    i.__scatterload_null  mc_p.l(handlers.o)
    0x0000268e   0x0000268e   0x0000000e   Code   RO         1406    i.__scatterload_zeroinit  mc_p.l(handlers.o)
    0x0000269c   0x0000269c   0x0000000c   Data   RO         1277    .rodata.APP_FLASH_FUN  app_flash.o
    0x000026a8   0x000026a8   0x0000000c   Data   RO         1235    .rodata.APP_KEY_FUN  app_key.o
    0x000026b4   0x000026b4   0x0000000c   Data   RO         1294    .rodata.APP_KVM_FUN  app_kvm.o
    0x000026c0   0x000026c0   0x0000000c   Data   RO         1255    .rodata.APP_LED_FUN  app_led.o
    0x000026cc   0x000026cc   0x0000000c   Data   RO         1315    .rodata.APP_SWITCH_FUN  app_switch.o
    0x000026d8   0x000026d8   0x0000000c   Data   RO         1217    .rodata.BSP_FLASH_FUN  bsp_flash.o
    0x000026e4   0x000026e4   0x00000018   Data   RO         1058    .rodata.BSP_FUN_GPIO  bsp.o
    0x000026fc   0x000026fc   0x00000008   Data   RO         1159    .rodata.BSP_KEY_FUN  bsp_key.o
    0x00002704   0x00002704   0x00000008   Data   RO         1174    .rodata.BSP_KVM_FUN  bsp_kvm.o
    0x0000270c   0x0000270c   0x00000018   Data   RO         1110    .rodata.BSP_LED_FUN  bsp_led.o
    0x00002724   0x00002724   0x00000008   Data   RO         1131    .rodata.BSP_RCC_FUN  bsp_rcc.o
    0x0000272c   0x0000272c   0x00000008   Data   RO         1190    .rodata.BSP_SWITCH_FUN  bsp_switch.o
    0x00002734   0x00002734   0x00000010   Data   RO         1147    .rodata.BSP_SYSTICK_FUN  bsp_systick.o
    0x00002744   0x00002744   0x00000014   Data   RO         1192    .rodata.SWITCH_1_2  bsp_switch.o
    0x00002758   0x00002758   0x00000014   Data   RO         1193    .rodata.SWITCH_3_4  bsp_switch.o
    0x0000276c   0x0000276c   0x00000014   Data   RO         1191    .rodata.SWITCH_io_12_34  bsp_switch.o
    0x00002780   0x00002780   0x00000040   Data   RO         1296    .rodata.fun_loop.kvm_out_state  app_kvm.o
    0x000027c0   0x000027c0   0x00000040   Data   RO          821    .rodata.hsiprs_tbl  cw32l010_sysctrl.o
    0x00002800   0x00002800   0x00000014   Data   RO         1160    .rodata.key_1       bsp_key.o
    0x00002814   0x00002814   0x00000014   Data   RO         1161    .rodata.key_2       bsp_key.o
    0x00002828   0x00002828   0x00000014   Data   RO         1162    .rodata.key_3       bsp_key.o
    0x0000283c   0x0000283c   0x00000014   Data   RO         1175    .rodata.kvm_io_1    bsp_kvm.o
    0x00002850   0x00002850   0x00000014   Data   RO         1176    .rodata.kvm_io_2    bsp_kvm.o
    0x00002864   0x00002864   0x00000014   Data   RO         1177    .rodata.kvm_io_3    bsp_kvm.o
    0x00002878   0x00002878   0x00000014   Data   RO         1178    .rodata.kvm_io_4    bsp_kvm.o
    0x0000288c   0x0000288c   0x00000014   Data   RO         1111    .rodata.led_1_2     bsp_led.o
    0x000028a0   0x000028a0   0x00000014   Data   RO         1112    .rodata.led_3_4     bsp_led.o
    0x000028b4   0x000028b4   0x00000008   Data   RO         1118    .rodata.led_io_refresh.point  bsp_led.o
    0x000028bc   0x000028bc   0x00000020   Data   RO          302    .rodata.str1.1      cw32l010_flash.o
    0x000028dc   0x000028dc   0x00000022   Data   RO          822    .rodata.str1.1      cw32l010_sysctrl.o
    0x000028fe   0x000028fe   0x00000002   PAD
    0x00002900   0x00002900   0x00000014   Data   RO         1113    .rodata.usb_1_2     bsp_led.o
    0x00002914   0x00002914   0x00000014   Data   RO         1114    .rodata.usb_3_4     bsp_led.o
    0x00002928   0x00002928   0x00000020   Data   RO         1403    Region$$Table       anon$$obj.o


    Execution Region RW_IRAM1 (Exec base: 0x20000000, Load base: 0x00002948, Size: 0x00000508, Max: 0x00001000, ABSOLUTE)

    Exec Addr    Load Addr    Size         Type   Attr      Idx    E Section Name        Object

    0x20000000   0x00002948   0x00000004   Data   RW         1020    .data.SystemCoreClock  system_cw32l010.o
    0x20000004   0x0000294c   0x00000004   Data   RW         1218    .data.data_default_callback  bsp_flash.o
    0x20000008   0x00002950   0x00000001   Data   RW         1299    .data.fun_loop.key_err  app_kvm.o
    0x20000009   0x00002951   0x00000001   Data   RW         1319    .data.fun_loop.last  app_switch.o
    0x2000000a   0x00002952   0x00000002   PAD
    0x2000000c   0x00002954   0x00000004   Data   RW         1256    .data.fun_loop.usb_all_control_led_tick  app_led.o
    0x20000010   0x00002958   0x00000040   Data   RW         1119    .data.led_state     bsp_led.o
    0x20000050   0x00002998   0x00000001   Data   RW          847    .data.uwTickFreq    cw32l010_systick.o
    0x20000051   0x00002999   0x00000003   PAD
    0x20000054   0x0000299c   0x00000004   Data   RW          846    .data.uwTickPrio    cw32l010_systick.o
    0x20000058        -       0x00000001   Zero   RW         1116    .bss.USB_LED_ENABLE  bsp_led.o
    0x20000059   0x000029a0   0x00000003   PAD
    0x2000005c        -       0x00000004   Zero   RW         1220    .bss.USER_ADDR      bsp_flash.o
    0x20000060        -       0x00000001   Zero   RW         1239    .bss.bsp_count      app_key.o
    0x20000061        -       0x0000001e   Zero   RW         1240    .bss.bsp_value      app_key.o
    0x2000007f   0x000029a0   0x00000001   PAD
    0x20000080        -       0x0000000a   Zero   RW         1219    .bss.buf            bsp_flash.o
    0x2000008a        -       0x00000003   Zero   RW         1241    .bss.data           app_key.o
    0x2000008d        -       0x00000008   Zero   RW         1259    .bss.data           app_led.o
    0x20000095        -       0x00000005   Zero   RW         1278    .bss.data           app_flash.o
    0x2000009a        -       0x00000003   Zero   RW         1295    .bss.data           app_kvm.o
    0x2000009d        -       0x00000001   Zero   RW         1316    .bss.data           app_switch.o
    0x2000009e        -       0x00000003   Zero   RW         1300    .bss.fun_loop.last_key  app_kvm.o
    0x200000a1        -       0x00000001   Zero   RW         1301    .bss.fun_loop.start_kvm  app_kvm.o
    0x200000a2   0x000029a0   0x00000002   PAD
    0x200000a4        -       0x00000004   Zero   RW         1236    .bss.fun_loop.tick  app_key.o
    0x200000a8        -       0x00000004   Zero   RW         1257    .bss.fun_loop.tick  app_led.o
    0x200000ac        -       0x00000004   Zero   RW         1279    .bss.fun_loop.tick  app_flash.o
    0x200000b0        -       0x00000004   Zero   RW         1297    .bss.fun_loop.tick  app_kvm.o
    0x200000b4        -       0x00000004   Zero   RW         1317    .bss.fun_loop.tick  app_switch.o
    0x200000b8        -       0x00000040   Zero   RW         1057    .bss.gpio_irq_callback  bsp.o
    0x200000f8        -       0x00000001   Zero   RW         1117    .bss.led_io_refresh.set_point  bsp_led.o
    0x200000f9        -       0x00000008   Zero   RW         1115    .bss.state          bsp_led.o
    0x20000101   0x000029a0   0x00000003   PAD
    0x20000104        -       0x00000004   Zero   RW          848    .bss.uwTick         cw32l010_systick.o
    0x20000108        -       0x00000400   Zero   RW            1    STACK               startup_cw32l010.o


==============================================================================

Image component sizes


      Code (inc. data)   RO Data    RW Data    ZI Data      Debug   Object Name

       312         36         12          0          9       2320   app_flash.o
       276         28         12          0         38       1792   app_key.o
       516         48         76          1         11       2280   app_kvm.o
      1496         56         12          4         12       3149   app_led.o
       272         36         12          1          5       2016   app_switch.o
      1620         64         24          0         64      11284   bsp.o
       712         36         12          4         14       6794   bsp_flash.o
       124         24         68          0          0       5618   bsp_key.o
       256         32         88          0          0       5710   bsp_kvm.o
       624         60        112         64         10       7935   bsp_led.o
        62          0          8          0          0        904   bsp_rcc.o
       252         44         68          0          0       5808   bsp_switch.o
       228         16         16          0          0       1828   bsp_systick.o
       816         36         32          0          0       9876   cw32l010_flash.o
       182          0          0          0          0       9439   cw32l010_gpio.o
      1104        116         98          0          0      15863   cw32l010_sysctrl.o
       348         28          0          5          4       3429   cw32l010_systick.o
       122         28          0          0          0        852   main.o
        40         14        192          0       1024        644   startup_cw32l010.o
        96         40          0          4          0       4720   system_cw32l010.o

    ----------------------------------------------------------------------
      9470        742        876         88       1200     102261   Object Totals
         0          0         32          0          0          0   (incl. Generated)
        12          0          2          5          9          0   (incl. Padding)

    ----------------------------------------------------------------------

      Code (inc. data)   RO Data    RW Data    ZI Data      Debug   Library Member Name

         0          0          0          0          0          0   entry.o
         0          0          0          0          0          0   entry10a.o
         0          0          0          0          0          0   entry11a.o
         8          4          0          0          0          0   entry2.o
         4          0          0          0          0          0   entry5.o
         0          0          0          0          0          0   entry7b.o
         0          0          0          0          0          0   entry8b.o
         8          4          0          0          0          0   entry9a.o
        30          0          0          0          0          0   handlers.o
        48         10          0          0          0         68   init.o
        26          0          0          0          0         72   memcmp.o
        36          0          0          0          0         60   memcpya.o
        62          0          0          0          0         72   uidiv_div0.o

    ----------------------------------------------------------------------
       222         18          0          0          0        272   Library Totals
         0          0          0          0          0          0   (incl. Padding)

    ----------------------------------------------------------------------

      Code (inc. data)   RO Data    RW Data    ZI Data      Debug   Library Name

       222         18          0          0          0        272   mc_p.l

    ----------------------------------------------------------------------
       222         18          0          0          0        272   Library Totals

    ----------------------------------------------------------------------

==============================================================================


      Code (inc. data)   RO Data    RW Data    ZI Data      Debug   

      9692        760        876         88       1200     102281   Grand Totals
      9692        760        876         88       1200     102281   ELF Image Totals
      9692        760        876         88          0          0   ROM Totals

==============================================================================

    Total RO  Size (Code + RO Data)                10568 (  10.32kB)
    Total RW  Size (RW Data + ZI Data)              1288 (   1.26kB)
    Total ROM Size (Code + RO Data + RW Data)      10656 (  10.41kB)

==============================================================================

