<!doctype html public "-//w3c//dtd html 4.0 transitional//en">
<html><head>
<title>Static Call Graph - [.\Objects\a.axf]</title></head>
<body><HR>
<H1>Static Call Graph for image .\Objects\a.axf</H1><HR>
<BR><P>#&#060CALLGRAPH&#062# ARM Linker, 6240002: Last Updated: Tue Jun 23 16:34:59 2026
<BR><P>
<H3>Maximum Stack Usage =         88 bytes + Unknown(Cycles, Untraceable Function Pointers)</H3><H3>
Call chain for Maximum Stack Depth:</H3>
fun_delay_us &rArr; SYSCTRL_GetHClkFreq &rArr; __aeabi_uidiv
<P>
<H3>
Mutually Recursive functions
</H3> <LI><a href="#[1]">NMI_Handler</a>&nbsp;&nbsp;&nbsp;&rArr;&nbsp;&nbsp;&nbsp;<a href="#[1]">NMI_Handler</a><BR>
 <LI><a href="#[2]">HardFault_Handler</a>&nbsp;&nbsp;&nbsp;&rArr;&nbsp;&nbsp;&nbsp;<a href="#[2]">HardFault_Handler</a><BR>
 <LI><a href="#[3]">SVC_Handler</a>&nbsp;&nbsp;&nbsp;&rArr;&nbsp;&nbsp;&nbsp;<a href="#[3]">SVC_Handler</a><BR>
 <LI><a href="#[4]">PendSV_Handler</a>&nbsp;&nbsp;&nbsp;&rArr;&nbsp;&nbsp;&nbsp;<a href="#[4]">PendSV_Handler</a><BR>
 <LI><a href="#[d]">ADC_IRQHandler</a>&nbsp;&nbsp;&nbsp;&rArr;&nbsp;&nbsp;&nbsp;<a href="#[d]">ADC_IRQHandler</a><BR>
</UL>
<P>
<H3>
Function Pointers
</H3><UL>
 <LI><a href="#[d]">ADC_IRQHandler</a> from startup_cw32l010.o(.text) referenced from startup_cw32l010.o(RESET)
 <LI><a href="#[e]">ATIM_IRQHandler</a> from startup_cw32l010.o(.text) referenced from startup_cw32l010.o(RESET)
 <LI><a href="#[13]">BTIM1_IRQHandler</a> from startup_cw32l010.o(.text) referenced from startup_cw32l010.o(RESET)
 <LI><a href="#[14]">BTIM2_IRQHandler</a> from startup_cw32l010.o(.text) referenced from startup_cw32l010.o(RESET)
 <LI><a href="#[15]">BTIM3_IRQHandler</a> from startup_cw32l010.o(.text) referenced from startup_cw32l010.o(RESET)
 <LI><a href="#[1a]">CLKFAULT_IRQHandler</a> from startup_cw32l010.o(.text) referenced from startup_cw32l010.o(RESET)
 <LI><a href="#[9]">FLASHRAM_IRQHandler</a> from startup_cw32l010.o(.text) referenced from startup_cw32l010.o(RESET)
 <LI><a href="#[31]">FUN_GPIO_DeInit</a> from bsp.o(.text.FUN_GPIO_DeInit) referenced from bsp.o(.rodata.BSP_FUN_GPIO)
 <LI><a href="#[30]">FUN_GPIO_Init</a> from bsp.o(.text.FUN_GPIO_Init) referenced from bsp.o(.rodata.BSP_FUN_GPIO)
 <LI><a href="#[35]">FUN_GPIO_Read</a> from bsp.o(.text.FUN_GPIO_Read) referenced from bsp.o(.rodata.BSP_FUN_GPIO)
 <LI><a href="#[33]">FUN_GPIO_Reset</a> from bsp.o(.text.FUN_GPIO_Reset) referenced from bsp.o(.rodata.BSP_FUN_GPIO)
 <LI><a href="#[32]">FUN_GPIO_Set</a> from bsp.o(.text.FUN_GPIO_Set) referenced from bsp.o(.rodata.BSP_FUN_GPIO)
 <LI><a href="#[34]">FUN_GPIO_Toggle</a> from bsp.o(.text.FUN_GPIO_Toggle) referenced from bsp.o(.rodata.BSP_FUN_GPIO)
 <LI><a href="#[b]">GPIOA_IRQHandler</a> from startup_cw32l010.o(.text) referenced from startup_cw32l010.o(RESET)
 <LI><a href="#[c]">GPIOB_IRQHandler</a> from startup_cw32l010.o(.text) referenced from startup_cw32l010.o(RESET)
 <LI><a href="#[11]">GTIM1_IRQHandler</a> from startup_cw32l010.o(.text) referenced from startup_cw32l010.o(RESET)
 <LI><a href="#[2]">HardFault_Handler</a> from startup_cw32l010.o(.text) referenced from startup_cw32l010.o(RESET)
 <LI><a href="#[16]">I2C1_IRQHandler</a> from startup_cw32l010.o(.text) referenced from startup_cw32l010.o(RESET)
 <LI><a href="#[12]">LPTIM_IRQHandler</a> from startup_cw32l010.o(.text) referenced from startup_cw32l010.o(RESET)
 <LI><a href="#[7]">LVD_IRQHandler</a> from startup_cw32l010.o(.text) referenced from startup_cw32l010.o(RESET)
 <LI><a href="#[1]">NMI_Handler</a> from startup_cw32l010.o(.text) referenced from startup_cw32l010.o(RESET)
 <LI><a href="#[4]">PendSV_Handler</a> from startup_cw32l010.o(.text) referenced from startup_cw32l010.o(RESET)
 <LI><a href="#[8]">RTC_IRQHandler</a> from startup_cw32l010.o(.text) referenced from startup_cw32l010.o(RESET)
 <LI><a href="#[0]">Reset_Handler</a> from startup_cw32l010.o(.text) referenced from startup_cw32l010.o(RESET)
 <LI><a href="#[17]">SPI1_IRQHandler</a> from startup_cw32l010.o(.text) referenced from startup_cw32l010.o(RESET)
 <LI><a href="#[3]">SVC_Handler</a> from startup_cw32l010.o(.text) referenced from startup_cw32l010.o(RESET)
 <LI><a href="#[a]">SYSCTRL_IRQHandler</a> from startup_cw32l010.o(.text) referenced from startup_cw32l010.o(RESET)
 <LI><a href="#[5]">SysTick_Handler</a> from cw32l010_systick.o(.text.SysTick_Handler) referenced from startup_cw32l010.o(RESET)
 <LI><a href="#[1c]">SystemInit</a> from system_cw32l010.o(.text.SystemInit) referenced from startup_cw32l010.o(.text)
 <LI><a href="#[18]">UART1_IRQHandler</a> from startup_cw32l010.o(.text) referenced from startup_cw32l010.o(RESET)
 <LI><a href="#[19]">UART2_IRQHandler</a> from startup_cw32l010.o(.text) referenced from startup_cw32l010.o(RESET)
 <LI><a href="#[f]">VC1_IRQHandler</a> from startup_cw32l010.o(.text) referenced from startup_cw32l010.o(RESET)
 <LI><a href="#[10]">VC2_IRQHandler</a> from startup_cw32l010.o(.text) referenced from startup_cw32l010.o(RESET)
 <LI><a href="#[6]">WDT_IRQHandler</a> from startup_cw32l010.o(.text) referenced from startup_cw32l010.o(RESET)
 <LI><a href="#[1d]">__main</a> from entry.o(.ARM.Collect$$$$00000000) referenced from startup_cw32l010.o(.text)
 <LI><a href="#[48]">fun_data_dafault_set</a> from bsp_flash.o(.text.fun_data_dafault_set) referenced from bsp_flash.o(.data.data_default_callback)
 <LI><a href="#[47]">fun_delay_ms</a> from bsp_systick.o(.text.fun_delay_ms) referenced from bsp_systick.o(.rodata.BSP_SYSTICK_FUN)
 <LI><a href="#[46]">fun_delay_us</a> from bsp_systick.o(.text.fun_delay_us) referenced from bsp_systick.o(.rodata.BSP_SYSTICK_FUN)
 <LI><a href="#[41]">fun_get_core_fre</a> from bsp_rcc.o(.text.fun_get_core_fre) referenced from bsp_rcc.o(.rodata.BSP_RCC_FUN)
 <LI><a href="#[45]">fun_get_tick</a> from bsp_systick.o(.text.fun_get_tick) referenced from bsp_systick.o(.rodata.BSP_SYSTICK_FUN)
 <LI><a href="#[1e]">fun_init</a> from app_flash.o(.text.fun_init) referenced from app_flash.o(.rodata.APP_FLASH_FUN)
 <LI><a href="#[21]">fun_init</a> from app_key.o(.text.fun_init) referenced from app_key.o(.rodata.APP_KEY_FUN)
 <LI><a href="#[24]">fun_init</a> from app_kvm.o(.text.fun_init) referenced from app_kvm.o(.rodata.APP_KVM_FUN)
 <LI><a href="#[27]">fun_init</a> from app_led.o(.text.fun_init) referenced from app_led.o(.rodata.APP_LED_FUN)
 <LI><a href="#[2a]">fun_init</a> from app_switch.o(.text.fun_init) referenced from app_switch.o(.rodata.APP_SWITCH_FUN)
 <LI><a href="#[2d]">fun_init</a> from bsp_flash.o(.text.fun_init) referenced from bsp_flash.o(.rodata.BSP_FLASH_FUN)
 <LI><a href="#[36]">fun_init</a> from bsp_key.o(.text.fun_init) referenced from bsp_key.o(.rodata.BSP_KEY_FUN)
 <LI><a href="#[38]">fun_init</a> from bsp_kvm.o(.text.fun_init) referenced from bsp_kvm.o(.rodata.BSP_KVM_FUN)
 <LI><a href="#[40]">fun_init</a> from bsp_rcc.o(.text.fun_init) referenced from bsp_rcc.o(.rodata.BSP_RCC_FUN)
 <LI><a href="#[42]">fun_init</a> from bsp_switch.o(.text.fun_init) referenced from bsp_switch.o(.rodata.BSP_SWITCH_FUN)
 <LI><a href="#[44]">fun_init</a> from bsp_systick.o(.text.fun_init) referenced from bsp_systick.o(.rodata.BSP_SYSTICK_FUN)
 <LI><a href="#[1f]">fun_loop</a> from app_flash.o(.text.fun_loop) referenced from app_flash.o(.rodata.APP_FLASH_FUN)
 <LI><a href="#[22]">fun_loop</a> from app_key.o(.text.fun_loop) referenced from app_key.o(.rodata.APP_KEY_FUN)
 <LI><a href="#[25]">fun_loop</a> from app_kvm.o(.text.fun_loop) referenced from app_kvm.o(.rodata.APP_KVM_FUN)
 <LI><a href="#[28]">fun_loop</a> from app_led.o(.text.fun_loop) referenced from app_led.o(.rodata.APP_LED_FUN)
 <LI><a href="#[2b]">fun_loop</a> from app_switch.o(.text.fun_loop) referenced from app_switch.o(.rodata.APP_SWITCH_FUN)
 <LI><a href="#[39]">fun_out</a> from bsp_kvm.o(.text.fun_out) referenced from bsp_kvm.o(.rodata.BSP_KVM_FUN)
 <LI><a href="#[43]">fun_out</a> from bsp_switch.o(.text.fun_out) referenced from bsp_switch.o(.rodata.BSP_SWITCH_FUN)
 <LI><a href="#[20]">fun_read</a> from app_flash.o(.text.fun_read) referenced from app_flash.o(.rodata.APP_FLASH_FUN)
 <LI><a href="#[23]">fun_read</a> from app_key.o(.text.fun_read) referenced from app_key.o(.rodata.APP_KEY_FUN)
 <LI><a href="#[26]">fun_read</a> from app_kvm.o(.text.fun_read) referenced from app_kvm.o(.rodata.APP_KVM_FUN)
 <LI><a href="#[29]">fun_read</a> from app_led.o(.text.fun_read) referenced from app_led.o(.rodata.APP_LED_FUN)
 <LI><a href="#[2c]">fun_read</a> from app_switch.o(.text.fun_read) referenced from app_switch.o(.rodata.APP_SWITCH_FUN)
 <LI><a href="#[2e]">fun_read</a> from bsp_flash.o(.text.fun_read) referenced from bsp_flash.o(.rodata.BSP_FLASH_FUN)
 <LI><a href="#[37]">fun_read</a> from bsp_key.o(.text.fun_read) referenced from bsp_key.o(.rodata.BSP_KEY_FUN)
 <LI><a href="#[2f]">fun_write</a> from bsp_flash.o(.text.fun_write) referenced from bsp_flash.o(.rodata.BSP_FLASH_FUN)
 <LI><a href="#[49]">led_1_off</a> from bsp_led.o(.text.led_1_off) referenced from bsp_led.o(.data.led_state)
 <LI><a href="#[4a]">led_1_on</a> from bsp_led.o(.text.led_1_on) referenced from bsp_led.o(.data.led_state)
 <LI><a href="#[4b]">led_2_off</a> from bsp_led.o(.text.led_2_off) referenced from bsp_led.o(.data.led_state)
 <LI><a href="#[4c]">led_2_on</a> from bsp_led.o(.text.led_2_on) referenced from bsp_led.o(.data.led_state)
 <LI><a href="#[4d]">led_3_off</a> from bsp_led.o(.text.led_3_off) referenced from bsp_led.o(.data.led_state)
 <LI><a href="#[4e]">led_3_on</a> from bsp_led.o(.text.led_3_on) referenced from bsp_led.o(.data.led_state)
 <LI><a href="#[4f]">led_4_off</a> from bsp_led.o(.text.led_4_off) referenced from bsp_led.o(.data.led_state)
 <LI><a href="#[50]">led_4_on</a> from bsp_led.o(.text.led_4_on) referenced from bsp_led.o(.data.led_state)
 <LI><a href="#[3a]">led_io_init</a> from bsp_led.o(.text.led_io_init) referenced from bsp_led.o(.rodata.BSP_LED_FUN)
 <LI><a href="#[3d]">led_io_off</a> from bsp_led.o(.text.led_io_off) referenced from bsp_led.o(.rodata.BSP_LED_FUN)
 <LI><a href="#[3c]">led_io_on</a> from bsp_led.o(.text.led_io_on) referenced from bsp_led.o(.rodata.BSP_LED_FUN)
 <LI><a href="#[3f]">led_io_read</a> from bsp_led.o(.text.led_io_read) referenced from bsp_led.o(.rodata.BSP_LED_FUN)
 <LI><a href="#[3b]">led_io_refresh</a> from bsp_led.o(.text.led_io_refresh) referenced from bsp_led.o(.rodata.BSP_LED_FUN)
 <LI><a href="#[3e]">led_io_toggle</a> from bsp_led.o(.text.led_io_toggle) referenced from bsp_led.o(.rodata.BSP_LED_FUN)
 <LI><a href="#[51]">led_usb_1_off</a> from bsp_led.o(.text.led_usb_1_off) referenced from bsp_led.o(.data.led_state)
 <LI><a href="#[52]">led_usb_1_on</a> from bsp_led.o(.text.led_usb_1_on) referenced from bsp_led.o(.data.led_state)
 <LI><a href="#[53]">led_usb_2_off</a> from bsp_led.o(.text.led_usb_2_off) referenced from bsp_led.o(.data.led_state)
 <LI><a href="#[54]">led_usb_2_on</a> from bsp_led.o(.text.led_usb_2_on) referenced from bsp_led.o(.data.led_state)
 <LI><a href="#[55]">led_usb_3_off</a> from bsp_led.o(.text.led_usb_3_off) referenced from bsp_led.o(.data.led_state)
 <LI><a href="#[56]">led_usb_3_on</a> from bsp_led.o(.text.led_usb_3_on) referenced from bsp_led.o(.data.led_state)
 <LI><a href="#[57]">led_usb_4_off</a> from bsp_led.o(.text.led_usb_4_off) referenced from bsp_led.o(.data.led_state)
 <LI><a href="#[58]">led_usb_4_on</a> from bsp_led.o(.text.led_usb_4_on) referenced from bsp_led.o(.data.led_state)
 <LI><a href="#[1b]">main</a> from main.o(.text.main) referenced from entry9a.o(.ARM.Collect$$$$0000000B)
</UL>
<P>
<H3>
Global Symbols
</H3>
<P><STRONG><a name="[1d]"></a>__main</STRONG> (Thumb, 0 bytes, Stack size unknown bytes, entry.o(.ARM.Collect$$$$00000000))
<BR>[Address Reference Count : 1]<UL><LI> startup_cw32l010.o(.text)
</UL>
<P><STRONG><a name="[7f]"></a>_main_stk</STRONG> (Thumb, 0 bytes, Stack size unknown bytes, entry2.o(.ARM.Collect$$$$00000001))

<P><STRONG><a name="[59]"></a>_main_scatterload</STRONG> (Thumb, 0 bytes, Stack size unknown bytes, entry5.o(.ARM.Collect$$$$00000004))
<BR><BR>[Calls]<UL><LI><a href="#[5a]">&gt;&gt;</a>&nbsp;&nbsp;&nbsp;__scatterload
</UL>

<P><STRONG><a name="[5b]"></a>__main_after_scatterload</STRONG> (Thumb, 0 bytes, Stack size unknown bytes, entry5.o(.ARM.Collect$$$$00000004))
<BR><BR>[Called By]<UL><LI><a href="#[5a]">&gt;&gt;</a>&nbsp;&nbsp;&nbsp;__scatterload
</UL>

<P><STRONG><a name="[80]"></a>_main_clock</STRONG> (Thumb, 0 bytes, Stack size unknown bytes, entry7b.o(.ARM.Collect$$$$00000008))

<P><STRONG><a name="[81]"></a>_main_cpp_init</STRONG> (Thumb, 0 bytes, Stack size unknown bytes, entry8b.o(.ARM.Collect$$$$0000000A))

<P><STRONG><a name="[82]"></a>_main_init</STRONG> (Thumb, 0 bytes, Stack size unknown bytes, entry9a.o(.ARM.Collect$$$$0000000B))

<P><STRONG><a name="[83]"></a>__rt_final_cpp</STRONG> (Thumb, 0 bytes, Stack size unknown bytes, entry10a.o(.ARM.Collect$$$$0000000D))

<P><STRONG><a name="[84]"></a>__rt_final_exit</STRONG> (Thumb, 0 bytes, Stack size unknown bytes, entry11a.o(.ARM.Collect$$$$0000000F))

<P><STRONG><a name="[0]"></a>Reset_Handler</STRONG> (Thumb, 14 bytes, Stack size 0 bytes, startup_cw32l010.o(.text))
<BR>[Address Reference Count : 1]<UL><LI> startup_cw32l010.o(RESET)
</UL>
<P><STRONG><a name="[1]"></a>NMI_Handler</STRONG> (Thumb, 2 bytes, Stack size 0 bytes, startup_cw32l010.o(.text))
<BR><BR>[Calls]<UL><LI><a href="#[1]">&gt;&gt;</a>&nbsp;&nbsp;&nbsp;NMI_Handler
</UL>
<BR>[Called By]<UL><LI><a href="#[1]">&gt;&gt;</a>&nbsp;&nbsp;&nbsp;NMI_Handler
</UL>
<BR>[Address Reference Count : 1]<UL><LI> startup_cw32l010.o(RESET)
</UL>
<P><STRONG><a name="[2]"></a>HardFault_Handler</STRONG> (Thumb, 2 bytes, Stack size 0 bytes, startup_cw32l010.o(.text))
<BR><BR>[Calls]<UL><LI><a href="#[2]">&gt;&gt;</a>&nbsp;&nbsp;&nbsp;HardFault_Handler
</UL>
<BR>[Called By]<UL><LI><a href="#[2]">&gt;&gt;</a>&nbsp;&nbsp;&nbsp;HardFault_Handler
</UL>
<BR>[Address Reference Count : 1]<UL><LI> startup_cw32l010.o(RESET)
</UL>
<P><STRONG><a name="[3]"></a>SVC_Handler</STRONG> (Thumb, 2 bytes, Stack size 0 bytes, startup_cw32l010.o(.text))
<BR><BR>[Calls]<UL><LI><a href="#[3]">&gt;&gt;</a>&nbsp;&nbsp;&nbsp;SVC_Handler
</UL>
<BR>[Called By]<UL><LI><a href="#[3]">&gt;&gt;</a>&nbsp;&nbsp;&nbsp;SVC_Handler
</UL>
<BR>[Address Reference Count : 1]<UL><LI> startup_cw32l010.o(RESET)
</UL>
<P><STRONG><a name="[4]"></a>PendSV_Handler</STRONG> (Thumb, 2 bytes, Stack size 0 bytes, startup_cw32l010.o(.text))
<BR><BR>[Calls]<UL><LI><a href="#[4]">&gt;&gt;</a>&nbsp;&nbsp;&nbsp;PendSV_Handler
</UL>
<BR>[Called By]<UL><LI><a href="#[4]">&gt;&gt;</a>&nbsp;&nbsp;&nbsp;PendSV_Handler
</UL>
<BR>[Address Reference Count : 1]<UL><LI> startup_cw32l010.o(RESET)
</UL>
<P><STRONG><a name="[d]"></a>ADC_IRQHandler</STRONG> (Thumb, 0 bytes, Stack size 0 bytes, startup_cw32l010.o(.text))
<BR><BR>[Calls]<UL><LI><a href="#[d]">&gt;&gt;</a>&nbsp;&nbsp;&nbsp;ADC_IRQHandler
</UL>
<BR>[Called By]<UL><LI><a href="#[d]">&gt;&gt;</a>&nbsp;&nbsp;&nbsp;ADC_IRQHandler
</UL>
<BR>[Address Reference Count : 1]<UL><LI> startup_cw32l010.o(RESET)
</UL>
<P><STRONG><a name="[e]"></a>ATIM_IRQHandler</STRONG> (Thumb, 0 bytes, Stack size 0 bytes, startup_cw32l010.o(.text))
<BR>[Address Reference Count : 1]<UL><LI> startup_cw32l010.o(RESET)
</UL>
<P><STRONG><a name="[13]"></a>BTIM1_IRQHandler</STRONG> (Thumb, 0 bytes, Stack size 0 bytes, startup_cw32l010.o(.text))
<BR>[Address Reference Count : 1]<UL><LI> startup_cw32l010.o(RESET)
</UL>
<P><STRONG><a name="[14]"></a>BTIM2_IRQHandler</STRONG> (Thumb, 0 bytes, Stack size 0 bytes, startup_cw32l010.o(.text))
<BR>[Address Reference Count : 1]<UL><LI> startup_cw32l010.o(RESET)
</UL>
<P><STRONG><a name="[15]"></a>BTIM3_IRQHandler</STRONG> (Thumb, 0 bytes, Stack size 0 bytes, startup_cw32l010.o(.text))
<BR>[Address Reference Count : 1]<UL><LI> startup_cw32l010.o(RESET)
</UL>
<P><STRONG><a name="[1a]"></a>CLKFAULT_IRQHandler</STRONG> (Thumb, 0 bytes, Stack size 0 bytes, startup_cw32l010.o(.text))
<BR>[Address Reference Count : 1]<UL><LI> startup_cw32l010.o(RESET)
</UL>
<P><STRONG><a name="[9]"></a>FLASHRAM_IRQHandler</STRONG> (Thumb, 0 bytes, Stack size 0 bytes, startup_cw32l010.o(.text))
<BR>[Address Reference Count : 1]<UL><LI> startup_cw32l010.o(RESET)
</UL>
<P><STRONG><a name="[b]"></a>GPIOA_IRQHandler</STRONG> (Thumb, 0 bytes, Stack size 0 bytes, startup_cw32l010.o(.text))
<BR>[Address Reference Count : 1]<UL><LI> startup_cw32l010.o(RESET)
</UL>
<P><STRONG><a name="[c]"></a>GPIOB_IRQHandler</STRONG> (Thumb, 0 bytes, Stack size 0 bytes, startup_cw32l010.o(.text))
<BR>[Address Reference Count : 1]<UL><LI> startup_cw32l010.o(RESET)
</UL>
<P><STRONG><a name="[11]"></a>GTIM1_IRQHandler</STRONG> (Thumb, 0 bytes, Stack size 0 bytes, startup_cw32l010.o(.text))
<BR>[Address Reference Count : 1]<UL><LI> startup_cw32l010.o(RESET)
</UL>
<P><STRONG><a name="[16]"></a>I2C1_IRQHandler</STRONG> (Thumb, 0 bytes, Stack size 0 bytes, startup_cw32l010.o(.text))
<BR>[Address Reference Count : 1]<UL><LI> startup_cw32l010.o(RESET)
</UL>
<P><STRONG><a name="[12]"></a>LPTIM_IRQHandler</STRONG> (Thumb, 0 bytes, Stack size 0 bytes, startup_cw32l010.o(.text))
<BR>[Address Reference Count : 1]<UL><LI> startup_cw32l010.o(RESET)
</UL>
<P><STRONG><a name="[7]"></a>LVD_IRQHandler</STRONG> (Thumb, 0 bytes, Stack size 0 bytes, startup_cw32l010.o(.text))
<BR>[Address Reference Count : 1]<UL><LI> startup_cw32l010.o(RESET)
</UL>
<P><STRONG><a name="[8]"></a>RTC_IRQHandler</STRONG> (Thumb, 0 bytes, Stack size 0 bytes, startup_cw32l010.o(.text))
<BR>[Address Reference Count : 1]<UL><LI> startup_cw32l010.o(RESET)
</UL>
<P><STRONG><a name="[17]"></a>SPI1_IRQHandler</STRONG> (Thumb, 0 bytes, Stack size 0 bytes, startup_cw32l010.o(.text))
<BR>[Address Reference Count : 1]<UL><LI> startup_cw32l010.o(RESET)
</UL>
<P><STRONG><a name="[a]"></a>SYSCTRL_IRQHandler</STRONG> (Thumb, 0 bytes, Stack size 0 bytes, startup_cw32l010.o(.text))
<BR>[Address Reference Count : 1]<UL><LI> startup_cw32l010.o(RESET)
</UL>
<P><STRONG><a name="[18]"></a>UART1_IRQHandler</STRONG> (Thumb, 0 bytes, Stack size 0 bytes, startup_cw32l010.o(.text))
<BR>[Address Reference Count : 1]<UL><LI> startup_cw32l010.o(RESET)
</UL>
<P><STRONG><a name="[19]"></a>UART2_IRQHandler</STRONG> (Thumb, 0 bytes, Stack size 0 bytes, startup_cw32l010.o(.text))
<BR>[Address Reference Count : 1]<UL><LI> startup_cw32l010.o(RESET)
</UL>
<P><STRONG><a name="[f]"></a>VC1_IRQHandler</STRONG> (Thumb, 0 bytes, Stack size 0 bytes, startup_cw32l010.o(.text))
<BR>[Address Reference Count : 1]<UL><LI> startup_cw32l010.o(RESET)
</UL>
<P><STRONG><a name="[10]"></a>VC2_IRQHandler</STRONG> (Thumb, 0 bytes, Stack size 0 bytes, startup_cw32l010.o(.text))
<BR>[Address Reference Count : 1]<UL><LI> startup_cw32l010.o(RESET)
</UL>
<P><STRONG><a name="[6]"></a>WDT_IRQHandler</STRONG> (Thumb, 0 bytes, Stack size 0 bytes, startup_cw32l010.o(.text))
<BR>[Address Reference Count : 1]<UL><LI> startup_cw32l010.o(RESET)
</UL>
<P><STRONG><a name="[7b]"></a>__aeabi_memcpy</STRONG> (Thumb, 36 bytes, Stack size 0 bytes, memcpya.o(.text))
<BR><BR>[Called By]<UL><LI><a href="#[20]">&gt;&gt;</a>&nbsp;&nbsp;&nbsp;fun_read
<LI><a href="#[29]">&gt;&gt;</a>&nbsp;&nbsp;&nbsp;fun_read
<LI><a href="#[2f]">&gt;&gt;</a>&nbsp;&nbsp;&nbsp;fun_write
<LI><a href="#[2e]">&gt;&gt;</a>&nbsp;&nbsp;&nbsp;fun_read
<LI><a href="#[2d]">&gt;&gt;</a>&nbsp;&nbsp;&nbsp;fun_init
</UL>

<P><STRONG><a name="[85]"></a>__aeabi_memcpy4</STRONG> (Thumb, 0 bytes, Stack size 0 bytes, memcpya.o(.text), UNUSED)

<P><STRONG><a name="[86]"></a>__aeabi_memcpy8</STRONG> (Thumb, 0 bytes, Stack size 0 bytes, memcpya.o(.text), UNUSED)

<P><STRONG><a name="[7e]"></a>memcmp</STRONG> (Thumb, 26 bytes, Stack size 12 bytes, memcmp.o(.text))
<BR><BR>[Stack]<UL><LI>Max Depth = 12<LI>Call Chain = memcmp
</UL>
<BR>[Called By]<UL><LI><a href="#[2f]">&gt;&gt;</a>&nbsp;&nbsp;&nbsp;fun_write
</UL>

<P><STRONG><a name="[65]"></a>__aeabi_uidiv</STRONG> (Thumb, 0 bytes, Stack size 16 bytes, uidiv_div0.o(.text))
<BR><BR>[Stack]<UL><LI>Max Depth = 16<LI>Call Chain = __aeabi_uidiv
</UL>
<BR>[Called By]<UL><LI><a href="#[64]">&gt;&gt;</a>&nbsp;&nbsp;&nbsp;InitTick
<LI><a href="#[68]">&gt;&gt;</a>&nbsp;&nbsp;&nbsp;SYSCTRL_GetHClkFreq
<LI><a href="#[28]">&gt;&gt;</a>&nbsp;&nbsp;&nbsp;fun_loop
<LI><a href="#[46]">&gt;&gt;</a>&nbsp;&nbsp;&nbsp;fun_delay_us
</UL>

<P><STRONG><a name="[78]"></a>__aeabi_uidivmod</STRONG> (Thumb, 62 bytes, Stack size 16 bytes, uidiv_div0.o(.text))
<BR><BR>[Stack]<UL><LI>Max Depth = 16<LI>Call Chain = __aeabi_uidivmod
</UL>
<BR>[Called By]<UL><LI><a href="#[25]">&gt;&gt;</a>&nbsp;&nbsp;&nbsp;fun_loop
<LI><a href="#[22]">&gt;&gt;</a>&nbsp;&nbsp;&nbsp;fun_loop
<LI><a href="#[46]">&gt;&gt;</a>&nbsp;&nbsp;&nbsp;fun_delay_us
</UL>

<P><STRONG><a name="[5a]"></a>__scatterload</STRONG> (Thumb, 38 bytes, Stack size 0 bytes, init.o(.text))
<BR><BR>[Calls]<UL><LI><a href="#[5b]">&gt;&gt;</a>&nbsp;&nbsp;&nbsp;__main_after_scatterload
</UL>
<BR>[Called By]<UL><LI><a href="#[59]">&gt;&gt;</a>&nbsp;&nbsp;&nbsp;_main_scatterload
</UL>

<P><STRONG><a name="[87]"></a>__scatterload_rt2</STRONG> (Thumb, 0 bytes, Stack size 0 bytes, init.o(.text), UNUSED)

<P><STRONG><a name="[73]"></a>FLASH_ErasePages</STRONG> (Thumb, 152 bytes, Stack size 16 bytes, cw32l010_flash.o(.text.FLASH_ErasePages))
<BR><BR>[Stack]<UL><LI>Max Depth = 16<LI>Call Chain = FLASH_ErasePages
</UL>
<BR>[Called By]<UL><LI><a href="#[71]">&gt;&gt;</a>&nbsp;&nbsp;&nbsp;flash_erase_psge
</UL>

<P><STRONG><a name="[79]"></a>FLASH_LockAllPages</STRONG> (Thumb, 8 bytes, Stack size 0 bytes, cw32l010_flash.o(.text.FLASH_LockAllPages))
<BR><BR>[Called By]<UL><LI><a href="#[2d]">&gt;&gt;</a>&nbsp;&nbsp;&nbsp;fun_init
</UL>

<P><STRONG><a name="[5c]"></a>FLASH_LockPage</STRONG> (Thumb, 68 bytes, Stack size 16 bytes, cw32l010_flash.o(.text.FLASH_LockPage))
<BR><BR>[Stack]<UL><LI>Max Depth = 24<LI>Call Chain = FLASH_LockPage &rArr; assert_failed
</UL>
<BR>[Calls]<UL><LI><a href="#[5d]">&gt;&gt;</a>&nbsp;&nbsp;&nbsp;assert_failed
</UL>
<BR>[Called By]<UL><LI><a href="#[77]">&gt;&gt;</a>&nbsp;&nbsp;&nbsp;flash_write_mark
</UL>

<P><STRONG><a name="[74]"></a>FLASH_LockPages</STRONG> (Thumb, 160 bytes, Stack size 24 bytes, cw32l010_flash.o(.text.FLASH_LockPages))
<BR><BR>[Stack]<UL><LI>Max Depth = 24<LI>Call Chain = FLASH_LockPages
</UL>
<BR>[Called By]<UL><LI><a href="#[75]">&gt;&gt;</a>&nbsp;&nbsp;&nbsp;flash_write_data
<LI><a href="#[71]">&gt;&gt;</a>&nbsp;&nbsp;&nbsp;flash_erase_psge
</UL>

<P><STRONG><a name="[5e]"></a>FLASH_UnlockPage</STRONG> (Thumb, 68 bytes, Stack size 16 bytes, cw32l010_flash.o(.text.FLASH_UnlockPage))
<BR><BR>[Stack]<UL><LI>Max Depth = 24<LI>Call Chain = FLASH_UnlockPage &rArr; assert_failed
</UL>
<BR>[Calls]<UL><LI><a href="#[5d]">&gt;&gt;</a>&nbsp;&nbsp;&nbsp;assert_failed
</UL>
<BR>[Called By]<UL><LI><a href="#[77]">&gt;&gt;</a>&nbsp;&nbsp;&nbsp;flash_write_mark
</UL>

<P><STRONG><a name="[72]"></a>FLASH_UnlockPages</STRONG> (Thumb, 160 bytes, Stack size 24 bytes, cw32l010_flash.o(.text.FLASH_UnlockPages))
<BR><BR>[Stack]<UL><LI>Max Depth = 24<LI>Call Chain = FLASH_UnlockPages
</UL>
<BR>[Called By]<UL><LI><a href="#[75]">&gt;&gt;</a>&nbsp;&nbsp;&nbsp;flash_write_data
<LI><a href="#[71]">&gt;&gt;</a>&nbsp;&nbsp;&nbsp;flash_erase_psge
</UL>

<P><STRONG><a name="[76]"></a>FLASH_WriteBytes</STRONG> (Thumb, 164 bytes, Stack size 20 bytes, cw32l010_flash.o(.text.FLASH_WriteBytes))
<BR><BR>[Stack]<UL><LI>Max Depth = 20<LI>Call Chain = FLASH_WriteBytes
</UL>
<BR>[Called By]<UL><LI><a href="#[77]">&gt;&gt;</a>&nbsp;&nbsp;&nbsp;flash_write_mark
<LI><a href="#[75]">&gt;&gt;</a>&nbsp;&nbsp;&nbsp;flash_write_data
</UL>

<P><STRONG><a name="[5f]"></a>GPIO_DeInit</STRONG> (Thumb, 70 bytes, Stack size 8 bytes, cw32l010_gpio.o(.text.GPIO_DeInit))
<BR><BR>[Stack]<UL><LI>Max Depth = 8<LI>Call Chain = GPIO_DeInit
</UL>
<BR>[Called By]<UL><LI><a href="#[31]">&gt;&gt;</a>&nbsp;&nbsp;&nbsp;FUN_GPIO_DeInit
</UL>

<P><STRONG><a name="[61]"></a>GPIO_ReadPin</STRONG> (Thumb, 50 bytes, Stack size 16 bytes, cw32l010_gpio.o(.text.GPIO_ReadPin))
<BR><BR>[Stack]<UL><LI>Max Depth = 16<LI>Call Chain = GPIO_ReadPin
</UL>
<BR>[Called By]<UL><LI><a href="#[35]">&gt;&gt;</a>&nbsp;&nbsp;&nbsp;FUN_GPIO_Read
</UL>

<P><STRONG><a name="[63]"></a>GPIO_TogglePin</STRONG> (Thumb, 18 bytes, Stack size 8 bytes, cw32l010_gpio.o(.text.GPIO_TogglePin))
<BR><BR>[Stack]<UL><LI>Max Depth = 8<LI>Call Chain = GPIO_TogglePin
</UL>
<BR>[Called By]<UL><LI><a href="#[34]">&gt;&gt;</a>&nbsp;&nbsp;&nbsp;FUN_GPIO_Toggle
</UL>

<P><STRONG><a name="[62]"></a>GPIO_WritePin</STRONG> (Thumb, 44 bytes, Stack size 12 bytes, cw32l010_gpio.o(.text.GPIO_WritePin))
<BR><BR>[Stack]<UL><LI>Max Depth = 12<LI>Call Chain = GPIO_WritePin
</UL>
<BR>[Called By]<UL><LI><a href="#[33]">&gt;&gt;</a>&nbsp;&nbsp;&nbsp;FUN_GPIO_Reset
<LI><a href="#[32]">&gt;&gt;</a>&nbsp;&nbsp;&nbsp;FUN_GPIO_Set
</UL>

<P><STRONG><a name="[6f]"></a>GetTick</STRONG> (Thumb, 8 bytes, Stack size 0 bytes, cw32l010_systick.o(.text.GetTick))
<BR><BR>[Called By]<UL><LI><a href="#[6e]">&gt;&gt;</a>&nbsp;&nbsp;&nbsp;SysTickDelay
</UL>

<P><STRONG><a name="[64]"></a>InitTick</STRONG> (Thumb, 64 bytes, Stack size 24 bytes, cw32l010_systick.o(.text.InitTick))
<BR><BR>[Stack]<UL><LI>Max Depth = 72<LI>Call Chain = InitTick &rArr; SysTick_Config &rArr; __NVIC_SetPriority
</UL>
<BR>[Calls]<UL><LI><a href="#[67]">&gt;&gt;</a>&nbsp;&nbsp;&nbsp;__NVIC_SetPriority
<LI><a href="#[66]">&gt;&gt;</a>&nbsp;&nbsp;&nbsp;SysTick_Config
<LI><a href="#[65]">&gt;&gt;</a>&nbsp;&nbsp;&nbsp;__aeabi_uidiv
</UL>
<BR>[Called By]<UL><LI><a href="#[44]">&gt;&gt;</a>&nbsp;&nbsp;&nbsp;fun_init
</UL>

<P><STRONG><a name="[68]"></a>SYSCTRL_GetHClkFreq</STRONG> (Thumb, 148 bytes, Stack size 24 bytes, cw32l010_sysctrl.o(.text.SYSCTRL_GetHClkFreq))
<BR><BR>[Stack]<UL><LI>Max Depth = 40<LI>Call Chain = SYSCTRL_GetHClkFreq &rArr; __aeabi_uidiv
</UL>
<BR>[Calls]<UL><LI><a href="#[65]">&gt;&gt;</a>&nbsp;&nbsp;&nbsp;__aeabi_uidiv
</UL>
<BR>[Called By]<UL><LI><a href="#[6c]">&gt;&gt;</a>&nbsp;&nbsp;&nbsp;SYSCTRL_SysClk_Switch
<LI><a href="#[46]">&gt;&gt;</a>&nbsp;&nbsp;&nbsp;fun_delay_us
<LI><a href="#[44]">&gt;&gt;</a>&nbsp;&nbsp;&nbsp;fun_init
<LI><a href="#[41]">&gt;&gt;</a>&nbsp;&nbsp;&nbsp;fun_get_core_fre
<LI><a href="#[40]">&gt;&gt;</a>&nbsp;&nbsp;&nbsp;fun_init
</UL>

<P><STRONG><a name="[69]"></a>SYSCTRL_HCLKPRS_Config</STRONG> (Thumb, 104 bytes, Stack size 16 bytes, cw32l010_sysctrl.o(.text.SYSCTRL_HCLKPRS_Config))
<BR><BR>[Stack]<UL><LI>Max Depth = 24<LI>Call Chain = SYSCTRL_HCLKPRS_Config &rArr; assert_failed
</UL>
<BR>[Calls]<UL><LI><a href="#[5d]">&gt;&gt;</a>&nbsp;&nbsp;&nbsp;assert_failed
</UL>
<BR>[Called By]<UL><LI><a href="#[40]">&gt;&gt;</a>&nbsp;&nbsp;&nbsp;fun_init
</UL>

<P><STRONG><a name="[6a]"></a>SYSCTRL_HSI_Enable</STRONG> (Thumb, 356 bytes, Stack size 24 bytes, cw32l010_sysctrl.o(.text.SYSCTRL_HSI_Enable))
<BR><BR>[Stack]<UL><LI>Max Depth = 32<LI>Call Chain = SYSCTRL_HSI_Enable &rArr; assert_failed
</UL>
<BR>[Calls]<UL><LI><a href="#[5d]">&gt;&gt;</a>&nbsp;&nbsp;&nbsp;assert_failed
</UL>
<BR>[Called By]<UL><LI><a href="#[40]">&gt;&gt;</a>&nbsp;&nbsp;&nbsp;fun_init
</UL>

<P><STRONG><a name="[6b]"></a>SYSCTRL_PCLKPRS_Config</STRONG> (Thumb, 104 bytes, Stack size 16 bytes, cw32l010_sysctrl.o(.text.SYSCTRL_PCLKPRS_Config))
<BR><BR>[Stack]<UL><LI>Max Depth = 24<LI>Call Chain = SYSCTRL_PCLKPRS_Config &rArr; assert_failed
</UL>
<BR>[Calls]<UL><LI><a href="#[5d]">&gt;&gt;</a>&nbsp;&nbsp;&nbsp;assert_failed
</UL>
<BR>[Called By]<UL><LI><a href="#[40]">&gt;&gt;</a>&nbsp;&nbsp;&nbsp;fun_init
</UL>

<P><STRONG><a name="[6c]"></a>SYSCTRL_SysClk_Switch</STRONG> (Thumb, 300 bytes, Stack size 24 bytes, cw32l010_sysctrl.o(.text.SYSCTRL_SysClk_Switch))
<BR><BR>[Stack]<UL><LI>Max Depth = 64<LI>Call Chain = SYSCTRL_SysClk_Switch &rArr; SYSCTRL_GetHClkFreq &rArr; __aeabi_uidiv
</UL>
<BR>[Calls]<UL><LI><a href="#[5d]">&gt;&gt;</a>&nbsp;&nbsp;&nbsp;assert_failed
<LI><a href="#[6d]">&gt;&gt;</a>&nbsp;&nbsp;&nbsp;SYSCTRL_SystemCoreClockUpdate
<LI><a href="#[68]">&gt;&gt;</a>&nbsp;&nbsp;&nbsp;SYSCTRL_GetHClkFreq
</UL>
<BR>[Called By]<UL><LI><a href="#[40]">&gt;&gt;</a>&nbsp;&nbsp;&nbsp;fun_init
</UL>

<P><STRONG><a name="[6d]"></a>SYSCTRL_SystemCoreClockUpdate</STRONG> (Thumb, 16 bytes, Stack size 4 bytes, cw32l010_sysctrl.o(.text.SYSCTRL_SystemCoreClockUpdate))
<BR><BR>[Stack]<UL><LI>Max Depth = 4<LI>Call Chain = SYSCTRL_SystemCoreClockUpdate
</UL>
<BR>[Called By]<UL><LI><a href="#[6c]">&gt;&gt;</a>&nbsp;&nbsp;&nbsp;SYSCTRL_SysClk_Switch
<LI><a href="#[40]">&gt;&gt;</a>&nbsp;&nbsp;&nbsp;fun_init
</UL>

<P><STRONG><a name="[6e]"></a>SysTickDelay</STRONG> (Thumb, 40 bytes, Stack size 24 bytes, cw32l010_systick.o(.text.SysTickDelay))
<BR><BR>[Stack]<UL><LI>Max Depth = 24<LI>Call Chain = SysTickDelay
</UL>
<BR>[Calls]<UL><LI><a href="#[6f]">&gt;&gt;</a>&nbsp;&nbsp;&nbsp;GetTick
</UL>
<BR>[Called By]<UL><LI><a href="#[47]">&gt;&gt;</a>&nbsp;&nbsp;&nbsp;fun_delay_ms
</UL>

<P><STRONG><a name="[5]"></a>SysTick_Handler</STRONG> (Thumb, 16 bytes, Stack size 0 bytes, cw32l010_systick.o(.text.SysTick_Handler))
<BR>[Address Reference Count : 1]<UL><LI> startup_cw32l010.o(RESET)
</UL>
<P><STRONG><a name="[70]"></a>SystemCoreClockUpdate</STRONG> (Thumb, 8 bytes, Stack size 0 bytes, system_cw32l010.o(.text.SystemCoreClockUpdate))
<BR><BR>[Called By]<UL><LI><a href="#[1c]">&gt;&gt;</a>&nbsp;&nbsp;&nbsp;SystemInit
</UL>

<P><STRONG><a name="[1c]"></a>SystemInit</STRONG> (Thumb, 48 bytes, Stack size 8 bytes, system_cw32l010.o(.text.SystemInit))
<BR><BR>[Stack]<UL><LI>Max Depth = 8<LI>Call Chain = SystemInit
</UL>
<BR>[Calls]<UL><LI><a href="#[70]">&gt;&gt;</a>&nbsp;&nbsp;&nbsp;SystemCoreClockUpdate
</UL>
<BR>[Address Reference Count : 1]<UL><LI> startup_cw32l010.o(.text)
</UL>
<P><STRONG><a name="[5d]"></a>assert_failed</STRONG> (Thumb, 10 bytes, Stack size 8 bytes, main.o(.text.assert_failed))
<BR><BR>[Stack]<UL><LI>Max Depth = 8<LI>Call Chain = assert_failed
</UL>
<BR>[Called By]<UL><LI><a href="#[5c]">&gt;&gt;</a>&nbsp;&nbsp;&nbsp;FLASH_LockPage
<LI><a href="#[5e]">&gt;&gt;</a>&nbsp;&nbsp;&nbsp;FLASH_UnlockPage
<LI><a href="#[6c]">&gt;&gt;</a>&nbsp;&nbsp;&nbsp;SYSCTRL_SysClk_Switch
<LI><a href="#[6a]">&gt;&gt;</a>&nbsp;&nbsp;&nbsp;SYSCTRL_HSI_Enable
<LI><a href="#[6b]">&gt;&gt;</a>&nbsp;&nbsp;&nbsp;SYSCTRL_PCLKPRS_Config
<LI><a href="#[69]">&gt;&gt;</a>&nbsp;&nbsp;&nbsp;SYSCTRL_HCLKPRS_Config
</UL>

<P><STRONG><a name="[1b]"></a>main</STRONG> (Thumb, 84 bytes, Stack size 16 bytes, main.o(.text.main))
<BR><BR>[Stack]<UL><LI>Max Depth = 16<LI>Call Chain = main
</UL>
<BR>[Address Reference Count : 1]<UL><LI> entry9a.o(.ARM.Collect$$$$0000000B)
</UL>
<P><STRONG><a name="[88]"></a>__scatterload_copy</STRONG> (Thumb, 14 bytes, Stack size unknown bytes, handlers.o(i.__scatterload_copy), UNUSED)

<P><STRONG><a name="[89]"></a>__scatterload_null</STRONG> (Thumb, 2 bytes, Stack size unknown bytes, handlers.o(i.__scatterload_null), UNUSED)

<P><STRONG><a name="[8a]"></a>__scatterload_zeroinit</STRONG> (Thumb, 14 bytes, Stack size unknown bytes, handlers.o(i.__scatterload_zeroinit), UNUSED)
<P>
<H3>
Local Symbols
</H3>
<P><STRONG><a name="[66]"></a>SysTick_Config</STRONG> (Thumb, 68 bytes, Stack size 24 bytes, cw32l010_systick.o(.text.SysTick_Config))
<BR><BR>[Stack]<UL><LI>Max Depth = 48<LI>Call Chain = SysTick_Config &rArr; __NVIC_SetPriority
</UL>
<BR>[Calls]<UL><LI><a href="#[67]">&gt;&gt;</a>&nbsp;&nbsp;&nbsp;__NVIC_SetPriority
</UL>
<BR>[Called By]<UL><LI><a href="#[64]">&gt;&gt;</a>&nbsp;&nbsp;&nbsp;InitTick
</UL>

<P><STRONG><a name="[67]"></a>__NVIC_SetPriority</STRONG> (Thumb, 124 bytes, Stack size 24 bytes, cw32l010_systick.o(.text.__NVIC_SetPriority))
<BR><BR>[Stack]<UL><LI>Max Depth = 24<LI>Call Chain = __NVIC_SetPriority
</UL>
<BR>[Called By]<UL><LI><a href="#[64]">&gt;&gt;</a>&nbsp;&nbsp;&nbsp;InitTick
<LI><a href="#[66]">&gt;&gt;</a>&nbsp;&nbsp;&nbsp;SysTick_Config
</UL>

<P><STRONG><a name="[30]"></a>FUN_GPIO_Init</STRONG> (Thumb, 1408 bytes, Stack size 40 bytes, bsp.o(.text.FUN_GPIO_Init))
<BR><BR>[Stack]<UL><LI>Max Depth = 52<LI>Call Chain = FUN_GPIO_Init &rArr; ___FUN_GPIO_CLK_ENABLE
</UL>
<BR>[Calls]<UL><LI><a href="#[60]">&gt;&gt;</a>&nbsp;&nbsp;&nbsp;___FUN_GPIO_CLK_ENABLE
</UL>
<BR>[Address Reference Count : 1]<UL><LI> bsp.o(.rodata.BSP_FUN_GPIO)
</UL>
<P><STRONG><a name="[60]"></a>___FUN_GPIO_CLK_ENABLE</STRONG> (Thumb, 80 bytes, Stack size 12 bytes, bsp.o(.text.___FUN_GPIO_CLK_ENABLE))
<BR><BR>[Stack]<UL><LI>Max Depth = 12<LI>Call Chain = ___FUN_GPIO_CLK_ENABLE
</UL>
<BR>[Called By]<UL><LI><a href="#[30]">&gt;&gt;</a>&nbsp;&nbsp;&nbsp;FUN_GPIO_Init
</UL>

<P><STRONG><a name="[31]"></a>FUN_GPIO_DeInit</STRONG> (Thumb, 20 bytes, Stack size 16 bytes, bsp.o(.text.FUN_GPIO_DeInit))
<BR><BR>[Stack]<UL><LI>Max Depth = 24<LI>Call Chain = FUN_GPIO_DeInit &rArr; GPIO_DeInit
</UL>
<BR>[Calls]<UL><LI><a href="#[5f]">&gt;&gt;</a>&nbsp;&nbsp;&nbsp;GPIO_DeInit
</UL>
<BR>[Address Reference Count : 1]<UL><LI> bsp.o(.rodata.BSP_FUN_GPIO)
</UL>
<P><STRONG><a name="[32]"></a>FUN_GPIO_Set</STRONG> (Thumb, 22 bytes, Stack size 16 bytes, bsp.o(.text.FUN_GPIO_Set))
<BR><BR>[Stack]<UL><LI>Max Depth = 28<LI>Call Chain = FUN_GPIO_Set &rArr; GPIO_WritePin
</UL>
<BR>[Calls]<UL><LI><a href="#[62]">&gt;&gt;</a>&nbsp;&nbsp;&nbsp;GPIO_WritePin
</UL>
<BR>[Address Reference Count : 1]<UL><LI> bsp.o(.rodata.BSP_FUN_GPIO)
</UL>
<P><STRONG><a name="[33]"></a>FUN_GPIO_Reset</STRONG> (Thumb, 22 bytes, Stack size 16 bytes, bsp.o(.text.FUN_GPIO_Reset))
<BR><BR>[Stack]<UL><LI>Max Depth = 28<LI>Call Chain = FUN_GPIO_Reset &rArr; GPIO_WritePin
</UL>
<BR>[Calls]<UL><LI><a href="#[62]">&gt;&gt;</a>&nbsp;&nbsp;&nbsp;GPIO_WritePin
</UL>
<BR>[Address Reference Count : 1]<UL><LI> bsp.o(.rodata.BSP_FUN_GPIO)
</UL>
<P><STRONG><a name="[34]"></a>FUN_GPIO_Toggle</STRONG> (Thumb, 20 bytes, Stack size 16 bytes, bsp.o(.text.FUN_GPIO_Toggle))
<BR><BR>[Stack]<UL><LI>Max Depth = 24<LI>Call Chain = FUN_GPIO_Toggle &rArr; GPIO_TogglePin
</UL>
<BR>[Calls]<UL><LI><a href="#[63]">&gt;&gt;</a>&nbsp;&nbsp;&nbsp;GPIO_TogglePin
</UL>
<BR>[Address Reference Count : 1]<UL><LI> bsp.o(.rodata.BSP_FUN_GPIO)
</UL>
<P><STRONG><a name="[35]"></a>FUN_GPIO_Read</STRONG> (Thumb, 24 bytes, Stack size 16 bytes, bsp.o(.text.FUN_GPIO_Read))
<BR><BR>[Stack]<UL><LI>Max Depth = 32<LI>Call Chain = FUN_GPIO_Read &rArr; GPIO_ReadPin
</UL>
<BR>[Calls]<UL><LI><a href="#[61]">&gt;&gt;</a>&nbsp;&nbsp;&nbsp;GPIO_ReadPin
</UL>
<BR>[Address Reference Count : 1]<UL><LI> bsp.o(.rodata.BSP_FUN_GPIO)
</UL>
<P><STRONG><a name="[3a]"></a>led_io_init</STRONG> (Thumb, 80 bytes, Stack size 24 bytes, bsp_led.o(.text.led_io_init))
<BR><BR>[Stack]<UL><LI>Max Depth = 24<LI>Call Chain = led_io_init
</UL>
<BR>[Address Reference Count : 1]<UL><LI> bsp_led.o(.rodata.BSP_LED_FUN)
</UL>
<P><STRONG><a name="[3b]"></a>led_io_refresh</STRONG> (Thumb, 152 bytes, Stack size 40 bytes, bsp_led.o(.text.led_io_refresh))
<BR><BR>[Stack]<UL><LI>Max Depth = 40<LI>Call Chain = led_io_refresh
</UL>
<BR>[Address Reference Count : 1]<UL><LI> bsp_led.o(.rodata.BSP_LED_FUN)
</UL>
<P><STRONG><a name="[3c]"></a>led_io_on</STRONG> (Thumb, 20 bytes, Stack size 4 bytes, bsp_led.o(.text.led_io_on))
<BR><BR>[Stack]<UL><LI>Max Depth = 4<LI>Call Chain = led_io_on
</UL>
<BR>[Address Reference Count : 1]<UL><LI> bsp_led.o(.rodata.BSP_LED_FUN)
</UL>
<P><STRONG><a name="[3d]"></a>led_io_off</STRONG> (Thumb, 20 bytes, Stack size 4 bytes, bsp_led.o(.text.led_io_off))
<BR><BR>[Stack]<UL><LI>Max Depth = 4<LI>Call Chain = led_io_off
</UL>
<BR>[Address Reference Count : 1]<UL><LI> bsp_led.o(.rodata.BSP_LED_FUN)
</UL>
<P><STRONG><a name="[3e]"></a>led_io_toggle</STRONG> (Thumb, 24 bytes, Stack size 4 bytes, bsp_led.o(.text.led_io_toggle))
<BR><BR>[Stack]<UL><LI>Max Depth = 4<LI>Call Chain = led_io_toggle
</UL>
<BR>[Address Reference Count : 1]<UL><LI> bsp_led.o(.rodata.BSP_LED_FUN)
</UL>
<P><STRONG><a name="[3f]"></a>led_io_read</STRONG> (Thumb, 20 bytes, Stack size 4 bytes, bsp_led.o(.text.led_io_read))
<BR><BR>[Stack]<UL><LI>Max Depth = 4<LI>Call Chain = led_io_read
</UL>
<BR>[Address Reference Count : 1]<UL><LI> bsp_led.o(.rodata.BSP_LED_FUN)
</UL>
<P><STRONG><a name="[49]"></a>led_1_off</STRONG> (Thumb, 14 bytes, Stack size 0 bytes, bsp_led.o(.text.led_1_off))
<BR>[Address Reference Count : 1]<UL><LI> bsp_led.o(.data.led_state)
</UL>
<P><STRONG><a name="[4a]"></a>led_1_on</STRONG> (Thumb, 20 bytes, Stack size 0 bytes, bsp_led.o(.text.led_1_on))
<BR>[Address Reference Count : 1]<UL><LI> bsp_led.o(.data.led_state)
</UL>
<P><STRONG><a name="[4b]"></a>led_2_off</STRONG> (Thumb, 14 bytes, Stack size 0 bytes, bsp_led.o(.text.led_2_off))
<BR>[Address Reference Count : 1]<UL><LI> bsp_led.o(.data.led_state)
</UL>
<P><STRONG><a name="[4c]"></a>led_2_on</STRONG> (Thumb, 20 bytes, Stack size 0 bytes, bsp_led.o(.text.led_2_on))
<BR>[Address Reference Count : 1]<UL><LI> bsp_led.o(.data.led_state)
</UL>
<P><STRONG><a name="[4d]"></a>led_3_off</STRONG> (Thumb, 14 bytes, Stack size 0 bytes, bsp_led.o(.text.led_3_off))
<BR>[Address Reference Count : 1]<UL><LI> bsp_led.o(.data.led_state)
</UL>
<P><STRONG><a name="[4e]"></a>led_3_on</STRONG> (Thumb, 20 bytes, Stack size 0 bytes, bsp_led.o(.text.led_3_on))
<BR>[Address Reference Count : 1]<UL><LI> bsp_led.o(.data.led_state)
</UL>
<P><STRONG><a name="[4f]"></a>led_4_off</STRONG> (Thumb, 14 bytes, Stack size 0 bytes, bsp_led.o(.text.led_4_off))
<BR>[Address Reference Count : 1]<UL><LI> bsp_led.o(.data.led_state)
</UL>
<P><STRONG><a name="[50]"></a>led_4_on</STRONG> (Thumb, 20 bytes, Stack size 0 bytes, bsp_led.o(.text.led_4_on))
<BR>[Address Reference Count : 1]<UL><LI> bsp_led.o(.data.led_state)
</UL>
<P><STRONG><a name="[51]"></a>led_usb_1_off</STRONG> (Thumb, 12 bytes, Stack size 0 bytes, bsp_led.o(.text.led_usb_1_off))
<BR>[Address Reference Count : 1]<UL><LI> bsp_led.o(.data.led_state)
</UL>
<P><STRONG><a name="[52]"></a>led_usb_1_on</STRONG> (Thumb, 16 bytes, Stack size 0 bytes, bsp_led.o(.text.led_usb_1_on))
<BR>[Address Reference Count : 1]<UL><LI> bsp_led.o(.data.led_state)
</UL>
<P><STRONG><a name="[53]"></a>led_usb_2_off</STRONG> (Thumb, 12 bytes, Stack size 0 bytes, bsp_led.o(.text.led_usb_2_off))
<BR>[Address Reference Count : 1]<UL><LI> bsp_led.o(.data.led_state)
</UL>
<P><STRONG><a name="[54]"></a>led_usb_2_on</STRONG> (Thumb, 16 bytes, Stack size 0 bytes, bsp_led.o(.text.led_usb_2_on))
<BR>[Address Reference Count : 1]<UL><LI> bsp_led.o(.data.led_state)
</UL>
<P><STRONG><a name="[55]"></a>led_usb_3_off</STRONG> (Thumb, 12 bytes, Stack size 0 bytes, bsp_led.o(.text.led_usb_3_off))
<BR>[Address Reference Count : 1]<UL><LI> bsp_led.o(.data.led_state)
</UL>
<P><STRONG><a name="[56]"></a>led_usb_3_on</STRONG> (Thumb, 16 bytes, Stack size 0 bytes, bsp_led.o(.text.led_usb_3_on))
<BR>[Address Reference Count : 1]<UL><LI> bsp_led.o(.data.led_state)
</UL>
<P><STRONG><a name="[57]"></a>led_usb_4_off</STRONG> (Thumb, 12 bytes, Stack size 0 bytes, bsp_led.o(.text.led_usb_4_off))
<BR>[Address Reference Count : 1]<UL><LI> bsp_led.o(.data.led_state)
</UL>
<P><STRONG><a name="[58]"></a>led_usb_4_on</STRONG> (Thumb, 16 bytes, Stack size 0 bytes, bsp_led.o(.text.led_usb_4_on))
<BR>[Address Reference Count : 1]<UL><LI> bsp_led.o(.data.led_state)
</UL>
<P><STRONG><a name="[40]"></a>fun_init</STRONG> (Thumb, 54 bytes, Stack size 16 bytes, bsp_rcc.o(.text.fun_init))
<BR><BR>[Stack]<UL><LI>Max Depth = 80<LI>Call Chain = fun_init &rArr; SYSCTRL_SysClk_Switch &rArr; SYSCTRL_GetHClkFreq &rArr; __aeabi_uidiv
</UL>
<BR>[Calls]<UL><LI><a href="#[6c]">&gt;&gt;</a>&nbsp;&nbsp;&nbsp;SYSCTRL_SysClk_Switch
<LI><a href="#[6a]">&gt;&gt;</a>&nbsp;&nbsp;&nbsp;SYSCTRL_HSI_Enable
<LI><a href="#[6d]">&gt;&gt;</a>&nbsp;&nbsp;&nbsp;SYSCTRL_SystemCoreClockUpdate
<LI><a href="#[68]">&gt;&gt;</a>&nbsp;&nbsp;&nbsp;SYSCTRL_GetHClkFreq
<LI><a href="#[6b]">&gt;&gt;</a>&nbsp;&nbsp;&nbsp;SYSCTRL_PCLKPRS_Config
<LI><a href="#[69]">&gt;&gt;</a>&nbsp;&nbsp;&nbsp;SYSCTRL_HCLKPRS_Config
</UL>
<BR>[Address Reference Count : 1]<UL><LI> bsp_rcc.o(.rodata.BSP_RCC_FUN)
</UL>
<P><STRONG><a name="[41]"></a>fun_get_core_fre</STRONG> (Thumb, 8 bytes, Stack size 8 bytes, bsp_rcc.o(.text.fun_get_core_fre))
<BR><BR>[Stack]<UL><LI>Max Depth = 48<LI>Call Chain = fun_get_core_fre &rArr; SYSCTRL_GetHClkFreq &rArr; __aeabi_uidiv
</UL>
<BR>[Calls]<UL><LI><a href="#[68]">&gt;&gt;</a>&nbsp;&nbsp;&nbsp;SYSCTRL_GetHClkFreq
</UL>
<BR>[Address Reference Count : 1]<UL><LI> bsp_rcc.o(.rodata.BSP_RCC_FUN)
</UL>
<P><STRONG><a name="[44]"></a>fun_init</STRONG> (Thumb, 12 bytes, Stack size 8 bytes, bsp_systick.o(.text.fun_init))
<BR><BR>[Stack]<UL><LI>Max Depth = 80<LI>Call Chain = fun_init &rArr; InitTick &rArr; SysTick_Config &rArr; __NVIC_SetPriority
</UL>
<BR>[Calls]<UL><LI><a href="#[64]">&gt;&gt;</a>&nbsp;&nbsp;&nbsp;InitTick
<LI><a href="#[68]">&gt;&gt;</a>&nbsp;&nbsp;&nbsp;SYSCTRL_GetHClkFreq
</UL>
<BR>[Address Reference Count : 1]<UL><LI> bsp_systick.o(.rodata.BSP_SYSTICK_FUN)
</UL>
<P><STRONG><a name="[45]"></a>fun_get_tick</STRONG> (Thumb, 8 bytes, Stack size 0 bytes, bsp_systick.o(.text.fun_get_tick))
<BR><BR>[Called By]<UL><LI><a href="#[46]">&gt;&gt;</a>&nbsp;&nbsp;&nbsp;fun_delay_us
</UL>
<BR>[Address Reference Count : 1]<UL><LI> bsp_systick.o(.rodata.BSP_SYSTICK_FUN)
</UL>
<P><STRONG><a name="[46]"></a>fun_delay_us</STRONG> (Thumb, 176 bytes, Stack size 48 bytes, bsp_systick.o(.text.fun_delay_us))
<BR><BR>[Stack]<UL><LI>Max Depth = 88<LI>Call Chain = fun_delay_us &rArr; SYSCTRL_GetHClkFreq &rArr; __aeabi_uidiv
</UL>
<BR>[Calls]<UL><LI><a href="#[68]">&gt;&gt;</a>&nbsp;&nbsp;&nbsp;SYSCTRL_GetHClkFreq
<LI><a href="#[78]">&gt;&gt;</a>&nbsp;&nbsp;&nbsp;__aeabi_uidivmod
<LI><a href="#[65]">&gt;&gt;</a>&nbsp;&nbsp;&nbsp;__aeabi_uidiv
<LI><a href="#[45]">&gt;&gt;</a>&nbsp;&nbsp;&nbsp;fun_get_tick
</UL>
<BR>[Address Reference Count : 1]<UL><LI> bsp_systick.o(.rodata.BSP_SYSTICK_FUN)
</UL>
<P><STRONG><a name="[47]"></a>fun_delay_ms</STRONG> (Thumb, 16 bytes, Stack size 16 bytes, bsp_systick.o(.text.fun_delay_ms))
<BR><BR>[Stack]<UL><LI>Max Depth = 40<LI>Call Chain = fun_delay_ms &rArr; SysTickDelay
</UL>
<BR>[Calls]<UL><LI><a href="#[6e]">&gt;&gt;</a>&nbsp;&nbsp;&nbsp;SysTickDelay
</UL>
<BR>[Address Reference Count : 1]<UL><LI> bsp_systick.o(.rodata.BSP_SYSTICK_FUN)
</UL>
<P><STRONG><a name="[36]"></a>fun_init</STRONG> (Thumb, 36 bytes, Stack size 16 bytes, bsp_key.o(.text.fun_init))
<BR><BR>[Stack]<UL><LI>Max Depth = 16<LI>Call Chain = fun_init
</UL>
<BR>[Address Reference Count : 1]<UL><LI> bsp_key.o(.rodata.BSP_KEY_FUN)
</UL>
<P><STRONG><a name="[37]"></a>fun_read</STRONG> (Thumb, 64 bytes, Stack size 16 bytes, bsp_key.o(.text.fun_read))
<BR><BR>[Stack]<UL><LI>Max Depth = 16<LI>Call Chain = fun_read
</UL>
<BR>[Address Reference Count : 1]<UL><LI> bsp_key.o(.rodata.BSP_KEY_FUN)
</UL>
<P><STRONG><a name="[38]"></a>fun_init</STRONG> (Thumb, 84 bytes, Stack size 32 bytes, bsp_kvm.o(.text.fun_init))
<BR><BR>[Stack]<UL><LI>Max Depth = 32<LI>Call Chain = fun_init
</UL>
<BR>[Address Reference Count : 1]<UL><LI> bsp_kvm.o(.rodata.BSP_KVM_FUN)
</UL>
<P><STRONG><a name="[39]"></a>fun_out</STRONG> (Thumb, 140 bytes, Stack size 16 bytes, bsp_kvm.o(.text.fun_out))
<BR><BR>[Stack]<UL><LI>Max Depth = 16<LI>Call Chain = fun_out
</UL>
<BR>[Address Reference Count : 1]<UL><LI> bsp_kvm.o(.rodata.BSP_KVM_FUN)
</UL>
<P><STRONG><a name="[42]"></a>fun_init</STRONG> (Thumb, 64 bytes, Stack size 24 bytes, bsp_switch.o(.text.fun_init))
<BR><BR>[Stack]<UL><LI>Max Depth = 24<LI>Call Chain = fun_init
</UL>
<BR>[Address Reference Count : 1]<UL><LI> bsp_switch.o(.rodata.BSP_SWITCH_FUN)
</UL>
<P><STRONG><a name="[43]"></a>fun_out</STRONG> (Thumb, 160 bytes, Stack size 32 bytes, bsp_switch.o(.text.fun_out))
<BR><BR>[Stack]<UL><LI>Max Depth = 32<LI>Call Chain = fun_out
</UL>
<BR>[Address Reference Count : 1]<UL><LI> bsp_switch.o(.rodata.BSP_SWITCH_FUN)
</UL>
<P><STRONG><a name="[2d]"></a>fun_init</STRONG> (Thumb, 244 bytes, Stack size 32 bytes, bsp_flash.o(.text.fun_init))
<BR><BR>[Stack]<UL><LI>Max Depth = 72<LI>Call Chain = fun_init &rArr; flash_write_data &rArr; FLASH_LockPages
</UL>
<BR>[Calls]<UL><LI><a href="#[79]">&gt;&gt;</a>&nbsp;&nbsp;&nbsp;FLASH_LockAllPages
<LI><a href="#[7b]">&gt;&gt;</a>&nbsp;&nbsp;&nbsp;__aeabi_memcpy
<LI><a href="#[75]">&gt;&gt;</a>&nbsp;&nbsp;&nbsp;flash_write_data
<LI><a href="#[71]">&gt;&gt;</a>&nbsp;&nbsp;&nbsp;flash_erase_psge
<LI><a href="#[7a]">&gt;&gt;</a>&nbsp;&nbsp;&nbsp;sum_check_uint8_t
</UL>
<BR>[Address Reference Count : 1]<UL><LI> bsp_flash.o(.rodata.BSP_FLASH_FUN)
</UL>
<P><STRONG><a name="[7a]"></a>sum_check_uint8_t</STRONG> (Thumb, 58 bytes, Stack size 16 bytes, bsp_flash.o(.text.sum_check_uint8_t))
<BR><BR>[Stack]<UL><LI>Max Depth = 16<LI>Call Chain = sum_check_uint8_t
</UL>
<BR>[Called By]<UL><LI><a href="#[2f]">&gt;&gt;</a>&nbsp;&nbsp;&nbsp;fun_write
<LI><a href="#[2d]">&gt;&gt;</a>&nbsp;&nbsp;&nbsp;fun_init
</UL>

<P><STRONG><a name="[71]"></a>flash_erase_psge</STRONG> (Thumb, 36 bytes, Stack size 16 bytes, bsp_flash.o(.text.flash_erase_psge))
<BR><BR>[Stack]<UL><LI>Max Depth = 40<LI>Call Chain = flash_erase_psge &rArr; FLASH_LockPages
</UL>
<BR>[Calls]<UL><LI><a href="#[74]">&gt;&gt;</a>&nbsp;&nbsp;&nbsp;FLASH_LockPages
<LI><a href="#[73]">&gt;&gt;</a>&nbsp;&nbsp;&nbsp;FLASH_ErasePages
<LI><a href="#[72]">&gt;&gt;</a>&nbsp;&nbsp;&nbsp;FLASH_UnlockPages
</UL>
<BR>[Called By]<UL><LI><a href="#[2f]">&gt;&gt;</a>&nbsp;&nbsp;&nbsp;fun_write
<LI><a href="#[2d]">&gt;&gt;</a>&nbsp;&nbsp;&nbsp;fun_init
</UL>

<P><STRONG><a name="[75]"></a>flash_write_data</STRONG> (Thumb, 44 bytes, Stack size 16 bytes, bsp_flash.o(.text.flash_write_data))
<BR><BR>[Stack]<UL><LI>Max Depth = 40<LI>Call Chain = flash_write_data &rArr; FLASH_LockPages
</UL>
<BR>[Calls]<UL><LI><a href="#[74]">&gt;&gt;</a>&nbsp;&nbsp;&nbsp;FLASH_LockPages
<LI><a href="#[76]">&gt;&gt;</a>&nbsp;&nbsp;&nbsp;FLASH_WriteBytes
<LI><a href="#[72]">&gt;&gt;</a>&nbsp;&nbsp;&nbsp;FLASH_UnlockPages
</UL>
<BR>[Called By]<UL><LI><a href="#[2f]">&gt;&gt;</a>&nbsp;&nbsp;&nbsp;fun_write
<LI><a href="#[2d]">&gt;&gt;</a>&nbsp;&nbsp;&nbsp;fun_init
</UL>

<P><STRONG><a name="[2e]"></a>fun_read</STRONG> (Thumb, 20 bytes, Stack size 16 bytes, bsp_flash.o(.text.fun_read))
<BR><BR>[Stack]<UL><LI>Max Depth = 16<LI>Call Chain = fun_read
</UL>
<BR>[Calls]<UL><LI><a href="#[7b]">&gt;&gt;</a>&nbsp;&nbsp;&nbsp;__aeabi_memcpy
</UL>
<BR>[Address Reference Count : 1]<UL><LI> bsp_flash.o(.rodata.BSP_FLASH_FUN)
</UL>
<P><STRONG><a name="[2f]"></a>fun_write</STRONG> (Thumb, 204 bytes, Stack size 24 bytes, bsp_flash.o(.text.fun_write))
<BR><BR>[Stack]<UL><LI>Max Depth = 72<LI>Call Chain = fun_write &rArr; flash_write_mark &rArr; FLASH_LockPage &rArr; assert_failed
</UL>
<BR>[Calls]<UL><LI><a href="#[7e]">&gt;&gt;</a>&nbsp;&nbsp;&nbsp;memcmp
<LI><a href="#[7b]">&gt;&gt;</a>&nbsp;&nbsp;&nbsp;__aeabi_memcpy
<LI><a href="#[77]">&gt;&gt;</a>&nbsp;&nbsp;&nbsp;flash_write_mark
<LI><a href="#[75]">&gt;&gt;</a>&nbsp;&nbsp;&nbsp;flash_write_data
<LI><a href="#[71]">&gt;&gt;</a>&nbsp;&nbsp;&nbsp;flash_erase_psge
<LI><a href="#[7a]">&gt;&gt;</a>&nbsp;&nbsp;&nbsp;sum_check_uint8_t
</UL>
<BR>[Address Reference Count : 1]<UL><LI> bsp_flash.o(.rodata.BSP_FLASH_FUN)
</UL>
<P><STRONG><a name="[77]"></a>flash_write_mark</STRONG> (Thumb, 48 bytes, Stack size 24 bytes, bsp_flash.o(.text.flash_write_mark))
<BR><BR>[Stack]<UL><LI>Max Depth = 48<LI>Call Chain = flash_write_mark &rArr; FLASH_LockPage &rArr; assert_failed
</UL>
<BR>[Calls]<UL><LI><a href="#[5c]">&gt;&gt;</a>&nbsp;&nbsp;&nbsp;FLASH_LockPage
<LI><a href="#[76]">&gt;&gt;</a>&nbsp;&nbsp;&nbsp;FLASH_WriteBytes
<LI><a href="#[5e]">&gt;&gt;</a>&nbsp;&nbsp;&nbsp;FLASH_UnlockPage
</UL>
<BR>[Called By]<UL><LI><a href="#[2f]">&gt;&gt;</a>&nbsp;&nbsp;&nbsp;fun_write
</UL>

<P><STRONG><a name="[48]"></a>fun_data_dafault_set</STRONG> (Thumb, 22 bytes, Stack size 4 bytes, bsp_flash.o(.text.fun_data_dafault_set))
<BR><BR>[Stack]<UL><LI>Max Depth = 4<LI>Call Chain = fun_data_dafault_set
</UL>
<BR>[Address Reference Count : 1]<UL><LI> bsp_flash.o(.data.data_default_callback)
</UL>
<P><STRONG><a name="[21]"></a>fun_init</STRONG> (Thumb, 12 bytes, Stack size 8 bytes, app_key.o(.text.fun_init))
<BR><BR>[Stack]<UL><LI>Max Depth = 8<LI>Call Chain = fun_init
</UL>
<BR>[Address Reference Count : 1]<UL><LI> app_key.o(.rodata.APP_KEY_FUN)
</UL>
<P><STRONG><a name="[22]"></a>fun_loop</STRONG> (Thumb, 212 bytes, Stack size 24 bytes, app_key.o(.text.fun_loop))
<BR><BR>[Stack]<UL><LI>Max Depth = 40<LI>Call Chain = fun_loop &rArr; __aeabi_uidivmod
</UL>
<BR>[Calls]<UL><LI><a href="#[78]">&gt;&gt;</a>&nbsp;&nbsp;&nbsp;__aeabi_uidivmod
</UL>
<BR>[Address Reference Count : 1]<UL><LI> app_key.o(.rodata.APP_KEY_FUN)
</UL>
<P><STRONG><a name="[23]"></a>fun_read</STRONG> (Thumb, 24 bytes, Stack size 4 bytes, app_key.o(.text.fun_read))
<BR><BR>[Stack]<UL><LI>Max Depth = 4<LI>Call Chain = fun_read
</UL>
<BR>[Address Reference Count : 1]<UL><LI> app_key.o(.rodata.APP_KEY_FUN)
</UL>
<P><STRONG><a name="[27]"></a>fun_init</STRONG> (Thumb, 12 bytes, Stack size 8 bytes, app_led.o(.text.fun_init))
<BR><BR>[Stack]<UL><LI>Max Depth = 8<LI>Call Chain = fun_init
</UL>
<BR>[Address Reference Count : 1]<UL><LI> app_led.o(.rodata.APP_LED_FUN)
</UL>
<P><STRONG><a name="[28]"></a>fun_loop</STRONG> (Thumb, 1432 bytes, Stack size 40 bytes, app_led.o(.text.fun_loop))
<BR><BR>[Stack]<UL><LI>Max Depth = 56<LI>Call Chain = fun_loop &rArr; __aeabi_uidiv
</UL>
<BR>[Calls]<UL><LI><a href="#[65]">&gt;&gt;</a>&nbsp;&nbsp;&nbsp;__aeabi_uidiv
</UL>
<BR>[Address Reference Count : 1]<UL><LI> app_led.o(.rodata.APP_LED_FUN)
</UL>
<P><STRONG><a name="[29]"></a>fun_read</STRONG> (Thumb, 20 bytes, Stack size 16 bytes, app_led.o(.text.fun_read))
<BR><BR>[Stack]<UL><LI>Max Depth = 16<LI>Call Chain = fun_read
</UL>
<BR>[Calls]<UL><LI><a href="#[7b]">&gt;&gt;</a>&nbsp;&nbsp;&nbsp;__aeabi_memcpy
</UL>
<BR>[Address Reference Count : 1]<UL><LI> app_led.o(.rodata.APP_LED_FUN)
</UL>
<P><STRONG><a name="[1e]"></a>fun_init</STRONG> (Thumb, 36 bytes, Stack size 24 bytes, app_flash.o(.text.fun_init))
<BR><BR>[Stack]<UL><LI>Max Depth = 32<LI>Call Chain = fun_init &rArr; data_bsp_to_app
</UL>
<BR>[Calls]<UL><LI><a href="#[7c]">&gt;&gt;</a>&nbsp;&nbsp;&nbsp;data_bsp_to_app
</UL>
<BR>[Address Reference Count : 1]<UL><LI> app_flash.o(.rodata.APP_FLASH_FUN)
</UL>
<P><STRONG><a name="[7c]"></a>data_bsp_to_app</STRONG> (Thumb, 54 bytes, Stack size 8 bytes, app_flash.o(.text.data_bsp_to_app))
<BR><BR>[Stack]<UL><LI>Max Depth = 8<LI>Call Chain = data_bsp_to_app
</UL>
<BR>[Called By]<UL><LI><a href="#[1f]">&gt;&gt;</a>&nbsp;&nbsp;&nbsp;fun_loop
<LI><a href="#[1e]">&gt;&gt;</a>&nbsp;&nbsp;&nbsp;fun_init
</UL>

<P><STRONG><a name="[1f]"></a>fun_loop</STRONG> (Thumb, 112 bytes, Stack size 40 bytes, app_flash.o(.text.fun_loop))
<BR><BR>[Stack]<UL><LI>Max Depth = 48<LI>Call Chain = fun_loop &rArr; data_app_to_bsp
</UL>
<BR>[Calls]<UL><LI><a href="#[7d]">&gt;&gt;</a>&nbsp;&nbsp;&nbsp;data_app_to_bsp
<LI><a href="#[7c]">&gt;&gt;</a>&nbsp;&nbsp;&nbsp;data_bsp_to_app
</UL>
<BR>[Address Reference Count : 1]<UL><LI> app_flash.o(.rodata.APP_FLASH_FUN)
</UL>
<P><STRONG><a name="[7d]"></a>data_app_to_bsp</STRONG> (Thumb, 54 bytes, Stack size 8 bytes, app_flash.o(.text.data_app_to_bsp))
<BR><BR>[Stack]<UL><LI>Max Depth = 8<LI>Call Chain = data_app_to_bsp
</UL>
<BR>[Called By]<UL><LI><a href="#[1f]">&gt;&gt;</a>&nbsp;&nbsp;&nbsp;fun_loop
</UL>

<P><STRONG><a name="[20]"></a>fun_read</STRONG> (Thumb, 20 bytes, Stack size 16 bytes, app_flash.o(.text.fun_read))
<BR><BR>[Stack]<UL><LI>Max Depth = 16<LI>Call Chain = fun_read
</UL>
<BR>[Calls]<UL><LI><a href="#[7b]">&gt;&gt;</a>&nbsp;&nbsp;&nbsp;__aeabi_memcpy
</UL>
<BR>[Address Reference Count : 1]<UL><LI> app_flash.o(.rodata.APP_FLASH_FUN)
</UL>
<P><STRONG><a name="[24]"></a>fun_init</STRONG> (Thumb, 44 bytes, Stack size 24 bytes, app_kvm.o(.text.fun_init))
<BR><BR>[Stack]<UL><LI>Max Depth = 24<LI>Call Chain = fun_init
</UL>
<BR>[Address Reference Count : 1]<UL><LI> app_kvm.o(.rodata.APP_KVM_FUN)
</UL>
<P><STRONG><a name="[25]"></a>fun_loop</STRONG> (Thumb, 400 bytes, Stack size 48 bytes, app_kvm.o(.text.fun_loop))
<BR><BR>[Stack]<UL><LI>Max Depth = 64<LI>Call Chain = fun_loop &rArr; __aeabi_uidivmod
</UL>
<BR>[Calls]<UL><LI><a href="#[78]">&gt;&gt;</a>&nbsp;&nbsp;&nbsp;__aeabi_uidivmod
</UL>
<BR>[Address Reference Count : 1]<UL><LI> app_kvm.o(.rodata.APP_KVM_FUN)
</UL>
<P><STRONG><a name="[26]"></a>fun_read</STRONG> (Thumb, 24 bytes, Stack size 4 bytes, app_kvm.o(.text.fun_read))
<BR><BR>[Stack]<UL><LI>Max Depth = 4<LI>Call Chain = fun_read
</UL>
<BR>[Address Reference Count : 1]<UL><LI> app_kvm.o(.rodata.APP_KVM_FUN)
</UL>
<P><STRONG><a name="[2a]"></a>fun_init</STRONG> (Thumb, 36 bytes, Stack size 24 bytes, app_switch.o(.text.fun_init))
<BR><BR>[Stack]<UL><LI>Max Depth = 24<LI>Call Chain = fun_init
</UL>
<BR>[Address Reference Count : 1]<UL><LI> app_switch.o(.rodata.APP_SWITCH_FUN)
</UL>
<P><STRONG><a name="[2b]"></a>fun_loop</STRONG> (Thumb, 184 bytes, Stack size 16 bytes, app_switch.o(.text.fun_loop))
<BR><BR>[Stack]<UL><LI>Max Depth = 16<LI>Call Chain = fun_loop
</UL>
<BR>[Address Reference Count : 1]<UL><LI> app_switch.o(.rodata.APP_SWITCH_FUN)
</UL>
<P><STRONG><a name="[2c]"></a>fun_read</STRONG> (Thumb, 16 bytes, Stack size 4 bytes, app_switch.o(.text.fun_read))
<BR><BR>[Stack]<UL><LI>Max Depth = 4<LI>Call Chain = fun_read
</UL>
<BR>[Address Reference Count : 1]<UL><LI> app_switch.o(.rodata.APP_SWITCH_FUN)
</UL><P>
<H3>
Undefined Global Symbols
</H3><HR></body></html>
